Archive member included to satisfy reference by file (symbol)

/usr/lib/gcc/arm-none-eabi/7.3.1/../../../arm-none-eabi/lib/thumb/v7e-m/fpv4-sp/hard/libc_nano.a(lib_a-atexit.o)
                              /usr/lib/gcc/arm-none-eabi/7.3.1/../../../arm-none-eabi/lib/thumb/v7e-m/fpv4-sp/hard/crt0.o (atexit)
/usr/lib/gcc/arm-none-eabi/7.3.1/../../../arm-none-eabi/lib/thumb/v7e-m/fpv4-sp/hard/libc_nano.a(lib_a-exit.o)
                              /usr/lib/gcc/arm-none-eabi/7.3.1/../../../arm-none-eabi/lib/thumb/v7e-m/fpv4-sp/hard/crt0.o (exit)
/usr/lib/gcc/arm-none-eabi/7.3.1/../../../arm-none-eabi/lib/thumb/v7e-m/fpv4-sp/hard/libc_nano.a(lib_a-fini.o)
                              /usr/lib/gcc/arm-none-eabi/7.3.1/../../../arm-none-eabi/lib/thumb/v7e-m/fpv4-sp/hard/crt0.o (__libc_fini_array)
/usr/lib/gcc/arm-none-eabi/7.3.1/../../../arm-none-eabi/lib/thumb/v7e-m/fpv4-sp/hard/libc_nano.a(lib_a-impure.o)
                              /usr/lib/gcc/arm-none-eabi/7.3.1/../../../arm-none-eabi/lib/thumb/v7e-m/fpv4-sp/hard/libc_nano.a(lib_a-exit.o) (_global_impure_ptr)
/usr/lib/gcc/arm-none-eabi/7.3.1/../../../arm-none-eabi/lib/thumb/v7e-m/fpv4-sp/hard/libc_nano.a(lib_a-init.o)
                              /usr/lib/gcc/arm-none-eabi/7.3.1/../../../arm-none-eabi/lib/thumb/v7e-m/fpv4-sp/hard/crt0.o (__libc_init_array)
/usr/lib/gcc/arm-none-eabi/7.3.1/../../../arm-none-eabi/lib/thumb/v7e-m/fpv4-sp/hard/libc_nano.a(lib_a-malloc.o)
                              build/usbh_cdc.o (malloc)
/usr/lib/gcc/arm-none-eabi/7.3.1/../../../arm-none-eabi/lib/thumb/v7e-m/fpv4-sp/hard/libc_nano.a(lib_a-memcpy.o)
                              build/queue.o (memcpy)
/usr/lib/gcc/arm-none-eabi/7.3.1/../../../arm-none-eabi/lib/thumb/v7e-m/fpv4-sp/hard/libc_nano.a(lib_a-memset.o)
                              /usr/lib/gcc/arm-none-eabi/7.3.1/../../../arm-none-eabi/lib/thumb/v7e-m/fpv4-sp/hard/crt0.o (memset)
/usr/lib/gcc/arm-none-eabi/7.3.1/../../../arm-none-eabi/lib/thumb/v7e-m/fpv4-sp/hard/libc_nano.a(lib_a-nano-freer.o)
                              /usr/lib/gcc/arm-none-eabi/7.3.1/../../../arm-none-eabi/lib/thumb/v7e-m/fpv4-sp/hard/libc_nano.a(lib_a-malloc.o) (_free_r)
/usr/lib/gcc/arm-none-eabi/7.3.1/../../../arm-none-eabi/lib/thumb/v7e-m/fpv4-sp/hard/libc_nano.a(lib_a-nano-mallocr.o)
                              /usr/lib/gcc/arm-none-eabi/7.3.1/../../../arm-none-eabi/lib/thumb/v7e-m/fpv4-sp/hard/libc_nano.a(lib_a-malloc.o) (_malloc_r)
/usr/lib/gcc/arm-none-eabi/7.3.1/../../../arm-none-eabi/lib/thumb/v7e-m/fpv4-sp/hard/libc_nano.a(lib_a-sbrkr.o)
                              /usr/lib/gcc/arm-none-eabi/7.3.1/../../../arm-none-eabi/lib/thumb/v7e-m/fpv4-sp/hard/libc_nano.a(lib_a-nano-mallocr.o) (_sbrk_r)
/usr/lib/gcc/arm-none-eabi/7.3.1/../../../arm-none-eabi/lib/thumb/v7e-m/fpv4-sp/hard/libc_nano.a(lib_a-__atexit.o)
                              /usr/lib/gcc/arm-none-eabi/7.3.1/../../../arm-none-eabi/lib/thumb/v7e-m/fpv4-sp/hard/libc_nano.a(lib_a-atexit.o) (__register_exitproc)
/usr/lib/gcc/arm-none-eabi/7.3.1/../../../arm-none-eabi/lib/thumb/v7e-m/fpv4-sp/hard/libc_nano.a(lib_a-__call_atexit.o)
                              /usr/lib/gcc/arm-none-eabi/7.3.1/../../../arm-none-eabi/lib/thumb/v7e-m/fpv4-sp/hard/libc_nano.a(lib_a-__atexit.o) (__call_exitprocs)
/usr/lib/gcc/arm-none-eabi/7.3.1/../../../arm-none-eabi/lib/thumb/v7e-m/fpv4-sp/hard/libc_nano.a(lib_a-mlock.o)
                              /usr/lib/gcc/arm-none-eabi/7.3.1/../../../arm-none-eabi/lib/thumb/v7e-m/fpv4-sp/hard/libc_nano.a(lib_a-nano-freer.o) (__malloc_lock)
/usr/lib/gcc/arm-none-eabi/7.3.1/../../../arm-none-eabi/lib/thumb/v7e-m/fpv4-sp/hard/libc_nano.a(lib_a-reent.o)
                              /usr/lib/gcc/arm-none-eabi/7.3.1/../../../arm-none-eabi/lib/thumb/v7e-m/fpv4-sp/hard/libc_nano.a(lib_a-sbrkr.o) (errno)
/usr/lib/gcc/arm-none-eabi/7.3.1/../../../arm-none-eabi/lib/thumb/v7e-m/fpv4-sp/hard/libnosys.a(sbrk.o)
                              /usr/lib/gcc/arm-none-eabi/7.3.1/../../../arm-none-eabi/lib/thumb/v7e-m/fpv4-sp/hard/libc_nano.a(lib_a-sbrkr.o) (_sbrk)
/usr/lib/gcc/arm-none-eabi/7.3.1/../../../arm-none-eabi/lib/thumb/v7e-m/fpv4-sp/hard/libnosys.a(_exit.o)
                              /usr/lib/gcc/arm-none-eabi/7.3.1/../../../arm-none-eabi/lib/thumb/v7e-m/fpv4-sp/hard/libc_nano.a(lib_a-exit.o) (_exit)
/usr/lib/gcc/arm-none-eabi/7.3.1/thumb/v7e-m/fpv4-sp/hard/libgcc.a(_aeabi_uldivmod.o)
                              build/stm32f7xx_hal_rcc.o (__aeabi_uldivmod)
/usr/lib/gcc/arm-none-eabi/7.3.1/thumb/v7e-m/fpv4-sp/hard/libgcc.a(_udivmoddi4.o)
                              /usr/lib/gcc/arm-none-eabi/7.3.1/thumb/v7e-m/fpv4-sp/hard/libgcc.a(_aeabi_uldivmod.o) (__udivmoddi4)
/usr/lib/gcc/arm-none-eabi/7.3.1/thumb/v7e-m/fpv4-sp/hard/libgcc.a(_dvmd_tls.o)
                              /usr/lib/gcc/arm-none-eabi/7.3.1/thumb/v7e-m/fpv4-sp/hard/libgcc.a(_aeabi_uldivmod.o) (__aeabi_ldiv0)

Allocating common symbols
Common symbol       size              file

[...]
Memory Configuration

Name             Origin             Length             Attributes
RAM              0x0000000020000000 0x0000000000050000 xrw
FLASH            0x0000000008000000 0x0000000000100000 xr
*default*        0x0000000000000000 0xffffffffffffffff

Linker script and memory map

LOAD /usr/lib/gcc/arm-none-eabi/7.3.1/thumb/v7e-m/fpv4-sp/hard/crti.o
LOAD /usr/lib/gcc/arm-none-eabi/7.3.1/thumb/v7e-m/fpv4-sp/hard/crtbegin.o
LOAD /usr/lib/gcc/arm-none-eabi/7.3.1/../../../arm-none-eabi/lib/thumb/v7e-m/fpv4-sp/hard/crt0.o
LOAD build/main.o
LOAD build/freertos.o
LOAD build/stm32f7xx_it.o
LOAD build/stm32f7xx_hal_msp.o
LOAD build/stm32f7xx_hal_timebase_tim.o
LOAD build/bsp_driver_sd.o
LOAD build/sd_diskio.o
LOAD build/fatfs_platform.o
LOAD build/fatfs.o
LOAD build/usb_host.o
LOAD build/usbh_conf.o
LOAD build/usbh_platform.o
LOAD build/stm32f7xx_hal_hcd.o
LOAD build/stm32f7xx_ll_usb.o
LOAD build/stm32f7xx_hal_rcc.o
LOAD build/stm32f7xx_hal_rcc_ex.o
LOAD build/stm32f7xx_hal_flash.o
LOAD build/stm32f7xx_hal_flash_ex.o
LOAD build/stm32f7xx_hal_gpio.o
LOAD build/stm32f7xx_hal_dma.o
LOAD build/stm32f7xx_hal_dma_ex.o
LOAD build/stm32f7xx_hal_pwr.o
LOAD build/stm32f7xx_hal_pwr_ex.o
LOAD build/stm32f7xx_hal_cortex.o
LOAD build/stm32f7xx_hal.o
LOAD build/stm32f7xx_hal_i2c.o
LOAD build/stm32f7xx_hal_i2c_ex.o
LOAD build/stm32f7xx_hal_exti.o
LOAD build/stm32f7xx_hal_adc.o
LOAD build/stm32f7xx_hal_adc_ex.o
LOAD build/stm32f7xx_hal_crc.o
LOAD build/stm32f7xx_hal_crc_ex.o
LOAD build/stm32f7xx_hal_dcmi.o
LOAD build/stm32f7xx_hal_dcmi_ex.o
LOAD build/stm32f7xx_hal_dma2d.o
LOAD build/stm32f7xx_hal_eth.o
LOAD build/stm32f7xx_ll_fmc.o
LOAD build/stm32f7xx_hal_sdram.o
LOAD build/stm32f7xx_hal_ltdc.o
LOAD build/stm32f7xx_hal_ltdc_ex.o
LOAD build/stm32f7xx_hal_dsi.o
LOAD build/stm32f7xx_hal_qspi.o
LOAD build/stm32f7xx_hal_rtc.o
LOAD build/stm32f7xx_hal_rtc_ex.o
LOAD build/stm32f7xx_hal_sai.o
LOAD build/stm32f7xx_hal_sai_ex.o
LOAD build/stm32f7xx_ll_sdmmc.o
LOAD build/stm32f7xx_hal_sd.o
LOAD build/stm32f7xx_hal_spdifrx.o
LOAD build/stm32f7xx_hal_spi.o
LOAD build/stm32f7xx_hal_spi_ex.o
LOAD build/stm32f7xx_hal_tim.o
LOAD build/stm32f7xx_hal_tim_ex.o
LOAD build/stm32f7xx_hal_uart.o
LOAD build/stm32f7xx_hal_uart_ex.o
LOAD build/system_stm32f7xx.o
LOAD build/diskio.o
LOAD build/ff.o
LOAD build/ff_gen_drv.o
LOAD build/syscall.o
LOAD build/croutine.o
LOAD build/event_groups.o
LOAD build/list.o
LOAD build/queue.o
LOAD build/stream_buffer.o
LOAD build/tasks.o
LOAD build/timers.o
LOAD build/cmsis_os.o
LOAD build/heap_4.o
LOAD build/port.o
LOAD build/usbh_core.o
LOAD build/usbh_ctlreq.o
LOAD build/usbh_ioreq.o
LOAD build/usbh_pipes.o
LOAD build/usbh_cdc.o
LOAD build/startup_stm32f746xx.o
LOAD /usr/lib/gcc/arm-none-eabi/7.3.1/../../../arm-none-eabi/lib/thumb/v7e-m/fpv4-sp/hard/libc_nano.a
LOAD /usr/lib/gcc/arm-none-eabi/7.3.1/../../../arm-none-eabi/lib/thumb/v7e-m/fpv4-sp/hard/libm.a
LOAD /usr/lib/gcc/arm-none-eabi/7.3.1/../../../arm-none-eabi/lib/thumb/v7e-m/fpv4-sp/hard/libnosys.a
START GROUP
LOAD /usr/lib/gcc/arm-none-eabi/7.3.1/thumb/v7e-m/fpv4-sp/hard/libgcc.a
LOAD /usr/lib/gcc/arm-none-eabi/7.3.1/../../../arm-none-eabi/lib/thumb/v7e-m/fpv4-sp/hard/libc_nano.a
END GROUP
START GROUP
LOAD /usr/lib/gcc/arm-none-eabi/7.3.1/thumb/v7e-m/fpv4-sp/hard/libgcc.a
LOAD /usr/lib/gcc/arm-none-eabi/7.3.1/../../../arm-none-eabi/lib/thumb/v7e-m/fpv4-sp/hard/libc_nano.a
END GROUP
LOAD /usr/lib/gcc/arm-none-eabi/7.3.1/thumb/v7e-m/fpv4-sp/hard/crtend.o
LOAD /usr/lib/gcc/arm-none-eabi/7.3.1/thumb/v7e-m/fpv4-sp/hard/crtn.o
                0x0000000020050000                _estack = 0x20050000
                0x0000000000000200                _Min_Heap_Size = 0x200
                0x0000000000000400                _Min_Stack_Size = 0x400

.isr_vector     0x0000000008000000      0x1c8
                0x0000000008000000                . = ALIGN (0x4)
 *(.isr_vector)
 .isr_vector    0x0000000008000000      0x1c8 build/startup_stm32f746xx.o
                0x0000000008000000                g_pfnVectors
                0x00000000080001c8                . = ALIGN (0x4)

.text           0x00000000080001d0     0xb6e0
                0x00000000080001d0                . = ALIGN (0x4)
 *(.text)
 .text          0x00000000080001d0       0x88 /usr/lib/gcc/arm-none-eabi/7.3.1/thumb/v7e-m/fpv4-sp/hard/crtbegin.o
 .text          0x0000000008000258       0x48 /usr/lib/gcc/arm-none-eabi/7.3.1/../../../arm-none-eabi/lib/thumb/v7e-m/fpv4-sp/hard/libc_nano.a(lib_a-init.o)
                0x0000000008000258                __libc_init_array
 .text          0x00000000080002a0       0x20 /usr/lib/gcc/arm-none-eabi/7.3.1/../../../arm-none-eabi/lib/thumb/v7e-m/fpv4-sp/hard/libc_nano.a(lib_a-malloc.o)
                0x00000000080002a0                malloc
                0x00000000080002b0                free
 .text          0x00000000080002c0      0x134 /usr/lib/gcc/arm-none-eabi/7.3.1/../../../arm-none-eabi/lib/thumb/v7e-m/fpv4-sp/hard/libc_nano.a(lib_a-memcpy.o)
                0x00000000080002c0                memcpy
 .text          0x00000000080003f4       0x94 /usr/lib/gcc/arm-none-eabi/7.3.1/../../../arm-none-eabi/lib/thumb/v7e-m/fpv4-sp/hard/libc_nano.a(lib_a-memset.o)
                0x00000000080003f4                memset
 .text          0x0000000008000488       0xa8 /usr/lib/gcc/arm-none-eabi/7.3.1/../../../arm-none-eabi/lib/thumb/v7e-m/fpv4-sp/hard/libc_nano.a(lib_a-nano-freer.o)
                0x0000000008000488                _free_r
 .text          0x0000000008000530       0xc8 /usr/lib/gcc/arm-none-eabi/7.3.1/../../../arm-none-eabi/lib/thumb/v7e-m/fpv4-sp/hard/libc_nano.a(lib_a-nano-mallocr.o)
                0x0000000008000530                _malloc_r
 .text          0x00000000080005f8       0x24 /usr/lib/gcc/arm-none-eabi/7.3.1/../../../arm-none-eabi/lib/thumb/v7e-m/fpv4-sp/hard/libc_nano.a(lib_a-sbrkr.o)
                0x00000000080005f8                _sbrk_r
 .text          0x000000000800061c        0x8 /usr/lib/gcc/arm-none-eabi/7.3.1/../../../arm-none-eabi/lib/thumb/v7e-m/fpv4-sp/hard/libc_nano.a(lib_a-mlock.o)
                0x000000000800061c                __malloc_lock
                0x0000000008000620                __malloc_unlock
 .text          0x0000000008000624       0x1c /usr/lib/gcc/arm-none-eabi/7.3.1/../../../arm-none-eabi/lib/thumb/v7e-m/fpv4-sp/hard/libnosys.a(sbrk.o)
                0x0000000008000624                _sbrk
 .text          0x0000000008000640       0x30 /usr/lib/gcc/arm-none-eabi/7.3.1/thumb/v7e-m/fpv4-sp/hard/libgcc.a(_aeabi_uldivmod.o)
                0x0000000008000640                __aeabi_uldivmod
 .text          0x0000000008000670      0x2cc /usr/lib/gcc/arm-none-eabi/7.3.1/thumb/v7e-m/fpv4-sp/hard/libgcc.a(_udivmoddi4.o)
                0x0000000008000670                __udivmoddi4
 .text          0x000000000800093c        0x4 /usr/lib/gcc/arm-none-eabi/7.3.1/thumb/v7e-m/fpv4-sp/hard/libgcc.a(_dvmd_tls.o)
                0x000000000800093c                __aeabi_ldiv0
                0x000000000800093c                __aeabi_idiv0
 *(.text*)
 .text.MX_SDMMC1_SD_Init
                0x0000000008000940       0x20 build/main.o
 .text.MX_GPIO_Init
                0x0000000008000960      0x2a8 build/main.o
 .text.MX_ADC3_Init
                0x0000000008000c08       0x5c build/main.o
 .text.MX_CRC_Init
                0x0000000008000c64       0x24 build/main.o
 .text.MX_DCMI_Init
                0x0000000008000c88       0x30 build/main.o
 .text.MX_ETH_Init
                0x0000000008000cb8       0x44 build/main.o
 .text.MX_I2C1_Init
                0x0000000008000cfc       0x44 build/main.o
 .text.MX_I2C3_Init
                0x0000000008000d40       0x44 build/main.o
 .text.MX_QUADSPI_Init
                0x0000000008000d84       0x2c build/main.o
 .text.MX_RTC_Init
                0x0000000008000db0       0xc8 build/main.o
 .text.MX_SAI2_Init
                0x0000000008000e78       0x90 build/main.o
 .text.MX_SPDIFRX_Init
                0x0000000008000f08       0x2c build/main.o
 .text.MX_SPI2_Init
                0x0000000008000f34       0x44 build/main.o
 .text.MX_TIM8_Init
                0x0000000008000f78       0x54 build/main.o
 .text.MX_TIM1_Init
                0x0000000008000fcc       0xb8 build/main.o
 .text.MX_TIM2_Init
                0x0000000008001084       0x7c build/main.o
 .text.MX_TIM3_Init
                0x0000000008001100       0x80 build/main.o
 .text.MX_TIM5_Init
                0x0000000008001180       0x80 build/main.o
 .text.MX_TIM12_Init
                0x0000000008001200       0x50 build/main.o
 .text.MX_USART1_UART_Init
                0x0000000008001250       0x30 build/main.o
 .text.MX_USART6_UART_Init
                0x0000000008001280       0x30 build/main.o
 .text.MX_DMA2D_Init
                0x00000000080012b0       0x30 build/main.o
 .text.MX_FMC_Init
                0x00000000080012e0       0x5c build/main.o
 .text.MX_LTDC_Init
                0x000000000800133c       0xa8 build/main.o
 .text.StartDefaultTask
                0x00000000080013e4        0xe build/main.o
                0x00000000080013e4                StartDefaultTask
 *fill*         0x00000000080013f2        0x2 
 .text.SystemClock_Config
                0x00000000080013f4       0xf4 build/main.o
                0x00000000080013f4                SystemClock_Config
 .text.main     0x00000000080014e8       0x9c build/main.o
                0x00000000080014e8                main
 .text.HAL_TIM_PeriodElapsedCallback
                0x0000000008001584       0x18 build/main.o
                0x0000000008001584                HAL_TIM_PeriodElapsedCallback
 .text.Error_Handler
                0x000000000800159c        0x2 build/main.o
                0x000000000800159c                Error_Handler
 .text.vApplicationIdleHook
                0x000000000800159e        0x2 build/freertos.o
                0x000000000800159e                vApplicationIdleHook
 .text.vApplicationStackOverflowHook
                0x00000000080015a0        0x2 build/freertos.o
                0x00000000080015a0                vApplicationStackOverflowHook
 .text.vApplicationMallocFailedHook
                0x00000000080015a2        0x2 build/freertos.o
                0x00000000080015a2                vApplicationMallocFailedHook
 .text.vApplicationGetIdleTaskMemory
                0x00000000080015a4       0x18 build/freertos.o
                0x00000000080015a4                vApplicationGetIdleTaskMemory
 .text.NMI_Handler
                0x00000000080015bc        0x2 build/stm32f7xx_it.o
                0x00000000080015bc                NMI_Handler
 .text.HardFault_Handler
                0x00000000080015be        0x2 build/stm32f7xx_it.o
                0x00000000080015be                HardFault_Handler
 .text.MemManage_Handler
                0x00000000080015c0        0x2 build/stm32f7xx_it.o
                0x00000000080015c0                MemManage_Handler
 .text.BusFault_Handler
                0x00000000080015c2        0x2 build/stm32f7xx_it.o
                0x00000000080015c2                BusFault_Handler
 .text.UsageFault_Handler
                0x00000000080015c4        0x2 build/stm32f7xx_it.o
                0x00000000080015c4                UsageFault_Handler
 .text.DebugMon_Handler
                0x00000000080015c6        0x2 build/stm32f7xx_it.o
                0x00000000080015c6                DebugMon_Handler
 .text.TIM6_DAC_IRQHandler
                0x00000000080015c8       0x10 build/stm32f7xx_it.o
                0x00000000080015c8                TIM6_DAC_IRQHandler
 .text.OTG_FS_IRQHandler
                0x00000000080015d8       0x10 build/stm32f7xx_it.o
                0x00000000080015d8                OTG_FS_IRQHandler
 .text.LTDC_IRQHandler
                0x00000000080015e8       0x10 build/stm32f7xx_it.o
                0x00000000080015e8                LTDC_IRQHandler
 .text.DMA2D_IRQHandler
                0x00000000080015f8       0x10 build/stm32f7xx_it.o
                0x00000000080015f8                DMA2D_IRQHandler
 .text.HAL_FMC_MspInit
                0x0000000008001608       0xdc build/stm32f7xx_hal_msp.o
 .text.HAL_MspInit
                0x00000000080016e4       0x40 build/stm32f7xx_hal_msp.o
                0x00000000080016e4                HAL_MspInit
 .text.HAL_ADC_MspInit
                0x0000000008001724       0x88 build/stm32f7xx_hal_msp.o
                0x0000000008001724                HAL_ADC_MspInit
 .text.HAL_CRC_MspInit
                0x00000000080017ac       0x2c build/stm32f7xx_hal_msp.o
                0x00000000080017ac                HAL_CRC_MspInit
 .text.HAL_DCMI_MspInit
                0x00000000080017d8      0x114 build/stm32f7xx_hal_msp.o
                0x00000000080017d8                HAL_DCMI_MspInit
 .text.HAL_DMA2D_MspInit
                0x00000000080018ec       0x40 build/stm32f7xx_hal_msp.o
                0x00000000080018ec                HAL_DMA2D_MspInit
 .text.HAL_ETH_MspInit
                0x000000000800192c       0xe4 build/stm32f7xx_hal_msp.o
                0x000000000800192c                HAL_ETH_MspInit
 .text.HAL_I2C_MspInit
                0x0000000008001a10       0xc0 build/stm32f7xx_hal_msp.o
                0x0000000008001a10                HAL_I2C_MspInit
 .text.HAL_LTDC_MspInit
                0x0000000008001ad0      0x124 build/stm32f7xx_hal_msp.o
                0x0000000008001ad0                HAL_LTDC_MspInit
 .text.HAL_QSPI_MspInit
                0x0000000008001bf4       0xe4 build/stm32f7xx_hal_msp.o
                0x0000000008001bf4                HAL_QSPI_MspInit
 .text.HAL_RTC_MspInit
                0x0000000008001cd8       0x20 build/stm32f7xx_hal_msp.o
                0x0000000008001cd8                HAL_RTC_MspInit
 .text.HAL_SD_MspInit
                0x0000000008001cf8       0x98 build/stm32f7xx_hal_msp.o
                0x0000000008001cf8                HAL_SD_MspInit
 .text.HAL_SPDIFRX_MspInit
                0x0000000008001d90       0x60 build/stm32f7xx_hal_msp.o
                0x0000000008001d90                HAL_SPDIFRX_MspInit
 .text.HAL_SPI_MspInit
                0x0000000008001df0       0x90 build/stm32f7xx_hal_msp.o
                0x0000000008001df0                HAL_SPI_MspInit
 .text.HAL_TIM_Base_MspInit
                0x0000000008001e80       0xa8 build/stm32f7xx_hal_msp.o
                0x0000000008001e80                HAL_TIM_Base_MspInit
 .text.HAL_TIM_PWM_MspInit
                0x0000000008001f28       0x2c build/stm32f7xx_hal_msp.o
                0x0000000008001f28                HAL_TIM_PWM_MspInit
 .text.HAL_TIM_MspPostInit
                0x0000000008001f54      0x130 build/stm32f7xx_hal_msp.o
                0x0000000008001f54                HAL_TIM_MspPostInit
 .text.HAL_UART_MspInit
                0x0000000008002084       0xe0 build/stm32f7xx_hal_msp.o
                0x0000000008002084                HAL_UART_MspInit
 .text.HAL_SDRAM_MspInit
                0x0000000008002164        0x8 build/stm32f7xx_hal_msp.o
                0x0000000008002164                HAL_SDRAM_MspInit
 .text.HAL_SAI_MspInit
                0x000000000800216c       0xac build/stm32f7xx_hal_msp.o
                0x000000000800216c                HAL_SAI_MspInit
 .text.HAL_InitTick
                0x0000000008002218       0x7c build/stm32f7xx_hal_timebase_tim.o
                0x0000000008002218                HAL_InitTick
 .text.BSP_SD_ReadBlocks_DMA
                0x0000000008002294       0x18 build/bsp_driver_sd.o
                0x0000000008002294                BSP_SD_ReadBlocks_DMA
 .text.BSP_SD_WriteBlocks_DMA
                0x00000000080022ac       0x18 build/bsp_driver_sd.o
                0x00000000080022ac                BSP_SD_WriteBlocks_DMA
 .text.BSP_SD_GetCardState
                0x00000000080022c4       0x14 build/bsp_driver_sd.o
                0x00000000080022c4                BSP_SD_GetCardState
 .text.BSP_SD_GetCardInfo
                0x00000000080022d8       0x10 build/bsp_driver_sd.o
                0x00000000080022d8                BSP_SD_GetCardInfo
 .text.HAL_SD_RxCpltCallback
                0x00000000080022e8        0x8 build/bsp_driver_sd.o
                0x00000000080022e8                HAL_SD_RxCpltCallback
 .text.BSP_SD_IsDetected
                0x00000000080022f0       0x20 build/bsp_driver_sd.o
                0x00000000080022f0                BSP_SD_IsDetected
 .text.BSP_SD_Init
                0x0000000008002310       0x34 build/bsp_driver_sd.o
                0x0000000008002310                BSP_SD_Init
 .text.SD_CheckStatus
                0x0000000008002344       0x24 build/sd_diskio.o
 .text.SD_initialize
                0x0000000008002368       0x74 build/sd_diskio.o
                0x0000000008002368                SD_initialize
 .text.SD_status
                0x00000000080023dc        0x8 build/sd_diskio.o
                0x00000000080023dc                SD_status
 .text.SD_CheckStatusWithTimeout
                0x00000000080023e4       0x26 build/sd_diskio.o
 *fill*         0x000000000800240a        0x2 
 .text.SD_read  0x000000000800240c       0x78 build/sd_diskio.o
                0x000000000800240c                SD_read
 .text.SD_write
                0x0000000008002484       0x78 build/sd_diskio.o
                0x0000000008002484                SD_write
 .text.SD_ioctl
                0x00000000080024fc       0x5c build/sd_diskio.o
                0x00000000080024fc                SD_ioctl
 .text.BSP_SD_ReadCpltCallback
                0x0000000008002558       0x14 build/sd_diskio.o
                0x0000000008002558                BSP_SD_ReadCpltCallback
 .text.BSP_PlatformIsDetected
                0x000000000800256c       0x1c build/fatfs_platform.o
                0x000000000800256c                BSP_PlatformIsDetected
 .text.MX_FATFS_Init
                0x0000000008002588       0x1c build/fatfs.o
                0x0000000008002588                MX_FATFS_Init
 .text.USBH_UserProcess
                0x00000000080025a4       0x2c build/usb_host.o
 .text.MX_USB_HOST_Init
                0x00000000080025d0       0x40 build/usb_host.o
                0x00000000080025d0                MX_USB_HOST_Init
 .text.HAL_HCD_MspInit
                0x0000000008002610       0x88 build/usbh_conf.o
                0x0000000008002610                HAL_HCD_MspInit
 .text.HAL_HCD_SOF_Callback
                0x0000000008002698        0xc build/usbh_conf.o
                0x0000000008002698                HAL_HCD_SOF_Callback
 .text.HAL_HCD_Connect_Callback
                0x00000000080026a4        0xc build/usbh_conf.o
                0x00000000080026a4                HAL_HCD_Connect_Callback
 .text.HAL_HCD_Disconnect_Callback
                0x00000000080026b0        0xc build/usbh_conf.o
                0x00000000080026b0                HAL_HCD_Disconnect_Callback
 .text.HAL_HCD_HC_NotifyURBChange_Callback
                0x00000000080026bc        0xc build/usbh_conf.o
                0x00000000080026bc                HAL_HCD_HC_NotifyURBChange_Callback
 .text.HAL_HCD_PortEnabled_Callback
                0x00000000080026c8        0xc build/usbh_conf.o
                0x00000000080026c8                HAL_HCD_PortEnabled_Callback
 .text.HAL_HCD_PortDisabled_Callback
                0x00000000080026d4        0xc build/usbh_conf.o
                0x00000000080026d4                HAL_HCD_PortDisabled_Callback
 .text.USBH_LL_Init
                0x00000000080026e0       0x54 build/usbh_conf.o
                0x00000000080026e0                USBH_LL_Init
 .text.USBH_LL_GetSpeed
                0x0000000008002734       0x1c build/usbh_conf.o
                0x0000000008002734                USBH_LL_GetSpeed
 .text.USBH_LL_GetLastXferSize
                0x0000000008002750        0xc build/usbh_conf.o
                0x0000000008002750                USBH_LL_GetLastXferSize
 .text.USBH_LL_GetURBState
                0x000000000800275c        0xc build/usbh_conf.o
                0x000000000800275c                USBH_LL_GetURBState
 .text.USBH_LL_DriverVBUS
                0x0000000008002768       0x1c build/usbh_conf.o
                0x0000000008002768                USBH_LL_DriverVBUS
 .text.USBH_LL_SetToggle
                0x0000000008002784       0x32 build/usbh_conf.o
                0x0000000008002784                USBH_LL_SetToggle
 .text.USBH_Delay
                0x00000000080027b6        0x8 build/usbh_conf.o
                0x00000000080027b6                USBH_Delay
 .text.USBH_Get_USB_Status
                0x00000000080027be       0x12 build/usbh_conf.o
                0x00000000080027be                USBH_Get_USB_Status
 .text.USBH_LL_Start
                0x00000000080027d0       0x10 build/usbh_conf.o
                0x00000000080027d0                USBH_LL_Start
 .text.USBH_LL_Stop
                0x00000000080027e0       0x10 build/usbh_conf.o
                0x00000000080027e0                USBH_LL_Stop
 .text.USBH_LL_ResetPort
                0x00000000080027f0       0x10 build/usbh_conf.o
                0x00000000080027f0                USBH_LL_ResetPort
 .text.USBH_LL_OpenPipe
                0x0000000008002800       0x26 build/usbh_conf.o
                0x0000000008002800                USBH_LL_OpenPipe
 .text.USBH_LL_ClosePipe
                0x0000000008002826       0x10 build/usbh_conf.o
                0x0000000008002826                USBH_LL_ClosePipe
 .text.USBH_LL_SubmitURB
                0x0000000008002836       0x2a build/usbh_conf.o
                0x0000000008002836                USBH_LL_SubmitURB
 .text.MX_DriverVbusFS
                0x0000000008002860       0x18 build/usbh_platform.o
                0x0000000008002860                MX_DriverVbusFS
 .text.HCD_RXQLVL_IRQHandler
                0x0000000008002878       0x7c build/stm32f7xx_hal_hcd.o
 .text.HAL_HCD_HC_Init
                0x00000000080028f4       0xa0 build/stm32f7xx_hal_hcd.o
                0x00000000080028f4                HAL_HCD_HC_Init
 .text.HAL_HCD_HC_Halt
                0x0000000008002994       0x24 build/stm32f7xx_hal_hcd.o
                0x0000000008002994                HAL_HCD_HC_Halt
 .text.HAL_HCD_Init
                0x00000000080029b8       0x94 build/stm32f7xx_hal_hcd.o
                0x00000000080029b8                HAL_HCD_Init
 .text.HAL_HCD_HC_SubmitRequest
                0x0000000008002a4c      0x194 build/stm32f7xx_hal_hcd.o
                0x0000000008002a4c                HAL_HCD_HC_SubmitRequest
 .text.HCD_Port_IRQHandler
                0x0000000008002be0       0xb0 build/stm32f7xx_hal_hcd.o
 .text.HCD_HC_IN_IRQHandler
                0x0000000008002c90      0x346 build/stm32f7xx_hal_hcd.o
 .text.HCD_HC_OUT_IRQHandler
                0x0000000008002fd6      0x2ae build/stm32f7xx_hal_hcd.o
 .text.HAL_HCD_IRQHandler
                0x0000000008003284      0x146 build/stm32f7xx_hal_hcd.o
                0x0000000008003284                HAL_HCD_IRQHandler
 .text.HAL_HCD_Start
                0x00000000080033ca       0x2c build/stm32f7xx_hal_hcd.o
                0x00000000080033ca                HAL_HCD_Start
 .text.HAL_HCD_Stop
                0x00000000080033f6       0x24 build/stm32f7xx_hal_hcd.o
                0x00000000080033f6                HAL_HCD_Stop
 .text.HAL_HCD_ResetPort
                0x000000000800341a        0xa build/stm32f7xx_hal_hcd.o
                0x000000000800341a                HAL_HCD_ResetPort
 .text.HAL_HCD_HC_GetURBState
                0x0000000008003424        0xe build/stm32f7xx_hal_hcd.o
                0x0000000008003424                HAL_HCD_HC_GetURBState
 .text.HAL_HCD_HC_GetXferCount
                0x0000000008003432        0xc build/stm32f7xx_hal_hcd.o
                0x0000000008003432                HAL_HCD_HC_GetXferCount
 .text.HAL_HCD_GetCurrentFrame
                0x000000000800343e        0xa build/stm32f7xx_hal_hcd.o
                0x000000000800343e                HAL_HCD_GetCurrentFrame
 .text.HAL_HCD_GetCurrentSpeed
                0x0000000008003448        0xa build/stm32f7xx_hal_hcd.o
                0x0000000008003448                HAL_HCD_GetCurrentSpeed
 *fill*         0x0000000008003452        0x2 
 .text.USB_CoreReset
                0x0000000008003454       0x3c build/stm32f7xx_ll_usb.o
 .text.USB_CoreInit
                0x0000000008003490       0x7c build/stm32f7xx_ll_usb.o
                0x0000000008003490                USB_CoreInit
 .text.USB_EnableGlobalInt
                0x000000000800350c        0xc build/stm32f7xx_ll_usb.o
                0x000000000800350c                USB_EnableGlobalInt
 .text.USB_DisableGlobalInt
                0x0000000008003518        0xc build/stm32f7xx_ll_usb.o
                0x0000000008003518                USB_DisableGlobalInt
 .text.USB_SetCurrentMode
                0x0000000008003524       0x30 build/stm32f7xx_ll_usb.o
                0x0000000008003524                USB_SetCurrentMode
 .text.USB_FlushTxFifo
                0x0000000008003554       0x28 build/stm32f7xx_ll_usb.o
                0x0000000008003554                USB_FlushTxFifo
 .text.USB_FlushRxFifo
                0x000000000800357c       0x24 build/stm32f7xx_ll_usb.o
                0x000000000800357c                USB_FlushRxFifo
 .text.USB_WritePacket
                0x00000000080035a0       0x28 build/stm32f7xx_ll_usb.o
                0x00000000080035a0                USB_WritePacket
 .text.USB_ReadPacket
                0x00000000080035c8       0x28 build/stm32f7xx_ll_usb.o
                0x00000000080035c8                USB_ReadPacket
 .text.USB_ReadInterrupts
                0x00000000080035f0        0x8 build/stm32f7xx_ll_usb.o
                0x00000000080035f0                USB_ReadInterrupts
 .text.USB_GetMode
                0x00000000080035f8        0x8 build/stm32f7xx_ll_usb.o
                0x00000000080035f8                USB_GetMode
 .text.USB_InitFSLSPClkSel
                0x0000000008003600       0x40 build/stm32f7xx_ll_usb.o
                0x0000000008003600                USB_InitFSLSPClkSel
 .text.USB_ResetPort
                0x0000000008003640       0x3e build/stm32f7xx_ll_usb.o
                0x0000000008003640                USB_ResetPort
 .text.USB_DriveVbus
                0x000000000800367e       0x46 build/stm32f7xx_ll_usb.o
                0x000000000800367e                USB_DriveVbus
 .text.USB_HostInit
                0x00000000080036c4       0xec build/stm32f7xx_ll_usb.o
                0x00000000080036c4                USB_HostInit
 .text.USB_GetHostSpeed
                0x00000000080037b0       0x16 build/stm32f7xx_ll_usb.o
                0x00000000080037b0                USB_GetHostSpeed
 .text.USB_GetCurrentFrame
                0x00000000080037c6        0xa build/stm32f7xx_ll_usb.o
                0x00000000080037c6                USB_GetCurrentFrame
 .text.USB_HC_Init
                0x00000000080037d0      0x108 build/stm32f7xx_ll_usb.o
                0x00000000080037d0                USB_HC_Init
 .text.USB_HC_ReadInterrupt
                0x00000000080038d8        0xa build/stm32f7xx_ll_usb.o
                0x00000000080038d8                USB_HC_ReadInterrupt
 .text.USB_HC_Halt
                0x00000000080038e2       0xdc build/stm32f7xx_ll_usb.o
                0x00000000080038e2                USB_HC_Halt
 *fill*         0x00000000080039be        0x2 
 .text.USB_DoPing
                0x00000000080039c0       0x24 build/stm32f7xx_ll_usb.o
                0x00000000080039c0                USB_DoPing
 .text.USB_HC_StartXfer
                0x00000000080039e4      0x158 build/stm32f7xx_ll_usb.o
                0x00000000080039e4                USB_HC_StartXfer
 .text.USB_StopHost
                0x0000000008003b3c       0x7e build/stm32f7xx_ll_usb.o
                0x0000000008003b3c                USB_StopHost
 *fill*         0x0000000008003bba        0x2 
 .text.HAL_RCC_OscConfig
                0x0000000008003bbc      0x434 build/stm32f7xx_hal_rcc.o
                0x0000000008003bbc                HAL_RCC_OscConfig
 .text.HAL_RCC_GetSysClockFreq
                0x0000000008003ff0       0xa8 build/stm32f7xx_hal_rcc.o
                0x0000000008003ff0                HAL_RCC_GetSysClockFreq
 .text.HAL_RCC_ClockConfig
                0x0000000008004098      0x168 build/stm32f7xx_hal_rcc.o
                0x0000000008004098                HAL_RCC_ClockConfig
 .text.HAL_RCC_GetHCLKFreq
                0x0000000008004200        0xc build/stm32f7xx_hal_rcc.o
                0x0000000008004200                HAL_RCC_GetHCLKFreq
 .text.HAL_RCC_GetPCLK1Freq
                0x000000000800420c       0x20 build/stm32f7xx_hal_rcc.o
                0x000000000800420c                HAL_RCC_GetPCLK1Freq
 .text.HAL_RCC_GetPCLK2Freq
                0x000000000800422c       0x20 build/stm32f7xx_hal_rcc.o
                0x000000000800422c                HAL_RCC_GetPCLK2Freq
 .text.HAL_RCC_GetClockConfig
                0x000000000800424c       0x3c build/stm32f7xx_hal_rcc.o
                0x000000000800424c                HAL_RCC_GetClockConfig
 .text.HAL_RCCEx_PeriphCLKConfig
                0x0000000008004288      0x5ac build/stm32f7xx_hal_rcc_ex.o
                0x0000000008004288                HAL_RCCEx_PeriphCLKConfig
 .text.HAL_RCCEx_GetPeriphCLKFreq
                0x0000000008004834      0x1b0 build/stm32f7xx_hal_rcc_ex.o
                0x0000000008004834                HAL_RCCEx_GetPeriphCLKFreq
 .text.HAL_GPIO_Init
                0x00000000080049e4      0x1dc build/stm32f7xx_hal_gpio.o
                0x00000000080049e4                HAL_GPIO_Init
 .text.HAL_GPIO_ReadPin
                0x0000000008004bc0        0xe build/stm32f7xx_hal_gpio.o
                0x0000000008004bc0                HAL_GPIO_ReadPin
 .text.HAL_GPIO_WritePin
                0x0000000008004bce        0xc build/stm32f7xx_hal_gpio.o
                0x0000000008004bce                HAL_GPIO_WritePin
 .text.DMA_SetConfig
                0x0000000008004bda       0x2c build/stm32f7xx_hal_dma.o
 .text.HAL_DMA_Start_IT
                0x0000000008004c06       0x74 build/stm32f7xx_hal_dma.o
                0x0000000008004c06                HAL_DMA_Start_IT
 .text.HAL_DMA_GetError
                0x0000000008004c7a        0x4 build/stm32f7xx_hal_dma.o
                0x0000000008004c7a                HAL_DMA_GetError
 *fill*         0x0000000008004c7e        0x2 
 .text.HAL_PWR_EnableBkUpAccess
                0x0000000008004c80       0x10 build/stm32f7xx_hal_pwr.o
                0x0000000008004c80                HAL_PWR_EnableBkUpAccess
 .text.HAL_PWREx_EnableOverDrive
                0x0000000008004c90       0x7c build/stm32f7xx_hal_pwr_ex.o
                0x0000000008004c90                HAL_PWREx_EnableOverDrive
 .text.HAL_NVIC_SetPriorityGrouping
                0x0000000008004d0c       0x24 build/stm32f7xx_hal_cortex.o
                0x0000000008004d0c                HAL_NVIC_SetPriorityGrouping
 .text.HAL_NVIC_SetPriority
                0x0000000008004d30       0x64 build/stm32f7xx_hal_cortex.o
                0x0000000008004d30                HAL_NVIC_SetPriority
 .text.HAL_NVIC_EnableIRQ
                0x0000000008004d94       0x1c build/stm32f7xx_hal_cortex.o
                0x0000000008004d94                HAL_NVIC_EnableIRQ
 .text.HAL_Init
                0x0000000008004db0       0x16 build/stm32f7xx_hal.o
                0x0000000008004db0                HAL_Init
 *fill*         0x0000000008004dc6        0x2 
 .text.HAL_IncTick
                0x0000000008004dc8       0x18 build/stm32f7xx_hal.o
                0x0000000008004dc8                HAL_IncTick
 .text.HAL_GetTick
                0x0000000008004de0        0xc build/stm32f7xx_hal.o
                0x0000000008004de0                HAL_GetTick
 .text.HAL_Delay
                0x0000000008004dec       0x28 build/stm32f7xx_hal.o
                0x0000000008004dec                HAL_Delay
 .text.HAL_I2C_Init
                0x0000000008004e14       0xbc build/stm32f7xx_hal_i2c.o
                0x0000000008004e14                HAL_I2C_Init
 .text.HAL_I2CEx_ConfigAnalogFilter
                0x0000000008004ed0       0x5c build/stm32f7xx_hal_i2c_ex.o
                0x0000000008004ed0                HAL_I2CEx_ConfigAnalogFilter
 .text.HAL_I2CEx_ConfigDigitalFilter
                0x0000000008004f2c       0x58 build/stm32f7xx_hal_i2c_ex.o
                0x0000000008004f2c                HAL_I2CEx_ConfigDigitalFilter
 .text.ADC_Init
                0x0000000008004f84      0x134 build/stm32f7xx_hal_adc.o
 .text.HAL_ADC_Init
                0x00000000080050b8       0x58 build/stm32f7xx_hal_adc.o
                0x00000000080050b8                HAL_ADC_Init
 .text.HAL_ADC_ConfigChannel
                0x0000000008005110      0x1cc build/stm32f7xx_hal_adc.o
                0x0000000008005110                HAL_ADC_ConfigChannel
 .text.HAL_CRC_Init
                0x00000000080052dc       0x80 build/stm32f7xx_hal_crc.o
                0x00000000080052dc                HAL_CRC_Init
 .text.HAL_CRCEx_Polynomial_Set
                0x000000000800535c       0x6c build/stm32f7xx_hal_crc_ex.o
                0x000000000800535c                HAL_CRCEx_Polynomial_Set
 .text.HAL_DCMI_Init
                0x00000000080053c8       0xa0 build/stm32f7xx_hal_dcmi.o
                0x00000000080053c8                HAL_DCMI_Init
 .text.HAL_DMA2D_Init
                0x0000000008005468       0x5c build/stm32f7xx_hal_dma2d.o
                0x0000000008005468                HAL_DMA2D_Init
 .text.HAL_DMA2D_LineEventCallback
                0x00000000080054c4        0x2 build/stm32f7xx_hal_dma2d.o
                0x00000000080054c4                HAL_DMA2D_LineEventCallback
 .text.HAL_DMA2D_CLUTLoadingCpltCallback
                0x00000000080054c6        0x2 build/stm32f7xx_hal_dma2d.o
                0x00000000080054c6                HAL_DMA2D_CLUTLoadingCpltCallback
 .text.HAL_DMA2D_IRQHandler
                0x00000000080054c8      0x13c build/stm32f7xx_hal_dma2d.o
                0x00000000080054c8                HAL_DMA2D_IRQHandler
 .text.HAL_DMA2D_ConfigLayer
                0x0000000008005604       0xc4 build/stm32f7xx_hal_dma2d.o
                0x0000000008005604                HAL_DMA2D_ConfigLayer
 .text.ETH_MACAddressConfig
                0x00000000080056c8       0x30 build/stm32f7xx_hal_eth.o
 .text.ETH_MACDMAConfig
                0x00000000080056f8      0x118 build/stm32f7xx_hal_eth.o
 .text.HAL_ETH_ReadPHYRegister
                0x0000000008005810       0x78 build/stm32f7xx_hal_eth.o
                0x0000000008005810                HAL_ETH_ReadPHYRegister
 .text.HAL_ETH_WritePHYRegister
                0x0000000008005888       0x74 build/stm32f7xx_hal_eth.o
                0x0000000008005888                HAL_ETH_WritePHYRegister
 .text.HAL_ETH_Init
                0x00000000080058fc      0x254 build/stm32f7xx_hal_eth.o
                0x00000000080058fc                HAL_ETH_Init
 .text.FMC_SDRAM_Init
                0x0000000008005b50       0x74 build/stm32f7xx_ll_fmc.o
                0x0000000008005b50                FMC_SDRAM_Init
 .text.FMC_SDRAM_Timing_Init
                0x0000000008005bc4       0x98 build/stm32f7xx_ll_fmc.o
                0x0000000008005bc4                FMC_SDRAM_Timing_Init
 .text.HAL_SDRAM_Init
                0x0000000008005c5c       0x3e build/stm32f7xx_hal_sdram.o
                0x0000000008005c5c                HAL_SDRAM_Init
 *fill*         0x0000000008005c9a        0x2 
 .text.LTDC_SetConfig
                0x0000000008005c9c      0x194 build/stm32f7xx_hal_ltdc.o
 .text.HAL_LTDC_Init
                0x0000000008005e30       0xf4 build/stm32f7xx_hal_ltdc.o
                0x0000000008005e30                HAL_LTDC_Init
 .text.HAL_LTDC_ErrorCallback
                0x0000000008005f24        0x2 build/stm32f7xx_hal_ltdc.o
                0x0000000008005f24                HAL_LTDC_ErrorCallback
 .text.HAL_LTDC_LineEventCallback
                0x0000000008005f26        0x2 build/stm32f7xx_hal_ltdc.o
                0x0000000008005f26                HAL_LTDC_LineEventCallback
 .text.HAL_LTDC_ReloadEventCallback
                0x0000000008005f28        0x2 build/stm32f7xx_hal_ltdc.o
                0x0000000008005f28                HAL_LTDC_ReloadEventCallback
 .text.HAL_LTDC_IRQHandler
                0x0000000008005f2a       0xda build/stm32f7xx_hal_ltdc.o
                0x0000000008005f2a                HAL_LTDC_IRQHandler
 .text.HAL_LTDC_ConfigLayer
                0x0000000008006004       0x5c build/stm32f7xx_hal_ltdc.o
                0x0000000008006004                HAL_LTDC_ConfigLayer
 .text.QSPI_WaitFlagStateUntilTimeout
                0x0000000008006060       0x4c build/stm32f7xx_hal_qspi.o
 .text.HAL_QSPI_SetTimeout
                0x00000000080060ac        0x4 build/stm32f7xx_hal_qspi.o
                0x00000000080060ac                HAL_QSPI_SetTimeout
 .text.HAL_QSPI_Init
                0x00000000080060b0       0xb4 build/stm32f7xx_hal_qspi.o
                0x00000000080060b0                HAL_QSPI_Init
 .text.HAL_RTC_WaitForSynchro
                0x0000000008006164       0x32 build/stm32f7xx_hal_rtc.o
                0x0000000008006164                HAL_RTC_WaitForSynchro
 .text.RTC_EnterInitMode
                0x0000000008006196       0x3c build/stm32f7xx_hal_rtc.o
                0x0000000008006196                RTC_EnterInitMode
 *fill*         0x00000000080061d2        0x2 
 .text.HAL_RTC_Init
                0x00000000080061d4       0xa4 build/stm32f7xx_hal_rtc.o
                0x00000000080061d4                HAL_RTC_Init
 .text.RTC_ByteToBcd2
                0x0000000008006278       0x16 build/stm32f7xx_hal_rtc.o
                0x0000000008006278                RTC_ByteToBcd2
 *fill*         0x000000000800628e        0x2 
 .text.HAL_RTC_SetTime
                0x0000000008006290      0x100 build/stm32f7xx_hal_rtc.o
                0x0000000008006290                HAL_RTC_SetTime
 .text.HAL_RTC_SetDate
                0x0000000008006390       0xdc build/stm32f7xx_hal_rtc.o
                0x0000000008006390                HAL_RTC_SetDate
 .text.HAL_RTC_SetAlarm
                0x000000000800646c      0x160 build/stm32f7xx_hal_rtc.o
                0x000000000800646c                HAL_RTC_SetAlarm
 .text.HAL_RTCEx_SetTimeStamp
                0x00000000080065cc       0x5c build/stm32f7xx_hal_rtc_ex.o
                0x00000000080065cc                HAL_RTCEx_SetTimeStamp
 .text.SAI_Disable
                0x0000000008006628       0x44 build/stm32f7xx_hal_sai.o
 .text.HAL_SAI_Init
                0x000000000800666c      0x208 build/stm32f7xx_hal_sai.o
                0x000000000800666c                HAL_SAI_Init
 .text.SDMMC_GetCmdError
                0x0000000008006874       0x38 build/stm32f7xx_ll_sdmmc.o
 .text.SDMMC_GetCmdResp2
                0x00000000080068ac       0x60 build/stm32f7xx_ll_sdmmc.o
 .text.SDMMC_GetCmdResp3
                0x000000000800690c       0x50 build/stm32f7xx_ll_sdmmc.o
 .text.SDMMC_GetCmdResp7
                0x000000000800695c       0x6c build/stm32f7xx_ll_sdmmc.o
 .text.SDMMC_Init
                0x00000000080069c8       0x38 build/stm32f7xx_ll_sdmmc.o
                0x00000000080069c8                SDMMC_Init
 .text.SDMMC_ReadFIFO
                0x0000000008006a00        0x6 build/stm32f7xx_ll_sdmmc.o
                0x0000000008006a00                SDMMC_ReadFIFO
 .text.SDMMC_PowerState_ON
                0x0000000008006a06       0x10 build/stm32f7xx_ll_sdmmc.o
                0x0000000008006a06                SDMMC_PowerState_ON
 .text.SDMMC_GetPowerState
                0x0000000008006a16        0x8 build/stm32f7xx_ll_sdmmc.o
                0x0000000008006a16                SDMMC_GetPowerState
 *fill*         0x0000000008006a1e        0x2 
 .text.SDMMC_SendCommand
                0x0000000008006a20       0x24 build/stm32f7xx_ll_sdmmc.o
                0x0000000008006a20                SDMMC_SendCommand
 .text.SDMMC_GetCommandResponse
                0x0000000008006a44        0x6 build/stm32f7xx_ll_sdmmc.o
                0x0000000008006a44                SDMMC_GetCommandResponse
 .text.SDMMC_GetResponse
                0x0000000008006a4a        0x6 build/stm32f7xx_ll_sdmmc.o
                0x0000000008006a4a                SDMMC_GetResponse
 .text.SDMMC_GetCmdResp1
                0x0000000008006a50      0x158 build/stm32f7xx_ll_sdmmc.o
 .text.SDMMC_GetCmdResp6
                0x0000000008006ba8       0xa4 build/stm32f7xx_ll_sdmmc.o
 .text.SDMMC_ConfigData
                0x0000000008006c4c       0x24 build/stm32f7xx_ll_sdmmc.o
                0x0000000008006c4c                SDMMC_ConfigData
 .text.SDMMC_CmdBlockLength
                0x0000000008006c70       0x30 build/stm32f7xx_ll_sdmmc.o
                0x0000000008006c70                SDMMC_CmdBlockLength
 .text.SDMMC_CmdReadSingleBlock
                0x0000000008006ca0       0x30 build/stm32f7xx_ll_sdmmc.o
                0x0000000008006ca0                SDMMC_CmdReadSingleBlock
 .text.SDMMC_CmdReadMultiBlock
                0x0000000008006cd0       0x30 build/stm32f7xx_ll_sdmmc.o
                0x0000000008006cd0                SDMMC_CmdReadMultiBlock
 .text.SDMMC_CmdWriteSingleBlock
                0x0000000008006d00       0x30 build/stm32f7xx_ll_sdmmc.o
                0x0000000008006d00                SDMMC_CmdWriteSingleBlock
 .text.SDMMC_CmdWriteMultiBlock
                0x0000000008006d30       0x30 build/stm32f7xx_ll_sdmmc.o
                0x0000000008006d30                SDMMC_CmdWriteMultiBlock
 .text.SDMMC_CmdStopTransfer
                0x0000000008006d60       0x34 build/stm32f7xx_ll_sdmmc.o
                0x0000000008006d60                SDMMC_CmdStopTransfer
 .text.SDMMC_CmdSelDesel
                0x0000000008006d94       0x30 build/stm32f7xx_ll_sdmmc.o
                0x0000000008006d94                SDMMC_CmdSelDesel
 .text.SDMMC_CmdGoIdleState
                0x0000000008006dc4       0x26 build/stm32f7xx_ll_sdmmc.o
                0x0000000008006dc4                SDMMC_CmdGoIdleState
 .text.SDMMC_CmdOperCond
                0x0000000008006dea       0x2e build/stm32f7xx_ll_sdmmc.o
                0x0000000008006dea                SDMMC_CmdOperCond
 .text.SDMMC_CmdAppCommand
                0x0000000008006e18       0x30 build/stm32f7xx_ll_sdmmc.o
                0x0000000008006e18                SDMMC_CmdAppCommand
 .text.SDMMC_CmdAppOperCommand
                0x0000000008006e48       0x34 build/stm32f7xx_ll_sdmmc.o
                0x0000000008006e48                SDMMC_CmdAppOperCommand
 .text.SDMMC_CmdBusWidth
                0x0000000008006e7c       0x30 build/stm32f7xx_ll_sdmmc.o
                0x0000000008006e7c                SDMMC_CmdBusWidth
 .text.SDMMC_CmdSendSCR
                0x0000000008006eac       0x30 build/stm32f7xx_ll_sdmmc.o
                0x0000000008006eac                SDMMC_CmdSendSCR
 .text.SDMMC_CmdSendCID
                0x0000000008006edc       0x2a build/stm32f7xx_ll_sdmmc.o
                0x0000000008006edc                SDMMC_CmdSendCID
 .text.SDMMC_CmdSendCSD
                0x0000000008006f06       0x2a build/stm32f7xx_ll_sdmmc.o
                0x0000000008006f06                SDMMC_CmdSendCSD
 .text.SDMMC_CmdSetRelAdd
                0x0000000008006f30       0x30 build/stm32f7xx_ll_sdmmc.o
                0x0000000008006f30                SDMMC_CmdSetRelAdd
 .text.SDMMC_CmdSendStatus
                0x0000000008006f60       0x30 build/stm32f7xx_ll_sdmmc.o
                0x0000000008006f60                SDMMC_CmdSendStatus
 .text.SD_DMATransmitCplt
                0x0000000008006f90        0xe build/stm32f7xx_hal_sd.o
 *fill*         0x0000000008006f9e        0x2 
 .text.SD_PowerON
                0x0000000008006fa0       0xc0 build/stm32f7xx_hal_sd.o
 .text.SD_FindSCR
                0x0000000008007060      0x106 build/stm32f7xx_hal_sd.o
 .text.SD_WideBus_Enable
                0x0000000008007166       0x56 build/stm32f7xx_hal_sd.o
 .text.SD_WideBus_Disable
                0x00000000080071bc       0x56 build/stm32f7xx_hal_sd.o
 .text.SD_SendStatus
                0x0000000008007212       0x2c build/stm32f7xx_hal_sd.o
 *fill*         0x000000000800723e        0x2 
 .text.HAL_SD_ReadBlocks_DMA
                0x0000000008007240      0x140 build/stm32f7xx_hal_sd.o
                0x0000000008007240                HAL_SD_ReadBlocks_DMA
 .text.HAL_SD_WriteBlocks_DMA
                0x0000000008007380      0x140 build/stm32f7xx_hal_sd.o
                0x0000000008007380                HAL_SD_WriteBlocks_DMA
 .text.HAL_SD_ErrorCallback
                0x00000000080074c0        0x2 build/stm32f7xx_hal_sd.o
                0x00000000080074c0                HAL_SD_ErrorCallback
 .text.SD_DMAReceiveCplt
                0x00000000080074c2       0x48 build/stm32f7xx_hal_sd.o
 *fill*         0x000000000800750a        0x2 
 .text.HAL_SD_GetCardCSD
                0x000000000800750c      0x1bc build/stm32f7xx_hal_sd.o
                0x000000000800750c                HAL_SD_GetCardCSD
 .text.SD_InitCard
                0x00000000080076c8      0x100 build/stm32f7xx_hal_sd.o
 .text.HAL_SD_InitCard
                0x00000000080077c8       0x82 build/stm32f7xx_hal_sd.o
                0x00000000080077c8                HAL_SD_InitCard
 .text.HAL_SD_Init
                0x000000000800784a       0x3e build/stm32f7xx_hal_sd.o
                0x000000000800784a                HAL_SD_Init
 .text.HAL_SD_GetCardInfo
                0x0000000008007888       0x24 build/stm32f7xx_hal_sd.o
                0x0000000008007888                HAL_SD_GetCardInfo
 .text.HAL_SD_ConfigWideBusOperation
                0x00000000080078ac       0xa4 build/stm32f7xx_hal_sd.o
                0x00000000080078ac                HAL_SD_ConfigWideBusOperation
 .text.HAL_SD_GetCardState
                0x0000000008007950       0x26 build/stm32f7xx_hal_sd.o
                0x0000000008007950                HAL_SD_GetCardState
 *fill*         0x0000000008007976        0x2 
 .text.SD_DMAError
                0x0000000008007978       0x68 build/stm32f7xx_hal_sd.o
 .text.HAL_SPDIFRX_Init
                0x00000000080079e0       0x70 build/stm32f7xx_hal_spdifrx.o
                0x00000000080079e0                HAL_SPDIFRX_Init
 .text.HAL_SPI_Init
                0x0000000008007a50       0xba build/stm32f7xx_hal_spi.o
                0x0000000008007a50                HAL_SPI_Init
 *fill*         0x0000000008007b0a        0x2 
 .text.TIM_OC1_SetConfig
                0x0000000008007b0c       0x68 build/stm32f7xx_hal_tim.o
 .text.TIM_OC3_SetConfig
                0x0000000008007b74       0x70 build/stm32f7xx_hal_tim.o
 .text.TIM_OC4_SetConfig
                0x0000000008007be4       0x54 build/stm32f7xx_hal_tim.o
 .text.TIM_OC5_SetConfig
                0x0000000008007c38       0x54 build/stm32f7xx_hal_tim.o
 .text.TIM_OC6_SetConfig
                0x0000000008007c8c       0x54 build/stm32f7xx_hal_tim.o
 .text.TIM_TI1_ConfigInputStage
                0x0000000008007ce0       0x26 build/stm32f7xx_hal_tim.o
 .text.TIM_TI2_ConfigInputStage
                0x0000000008007d06       0x28 build/stm32f7xx_hal_tim.o
 .text.TIM_ITRx_SetConfig
                0x0000000008007d2e       0x10 build/stm32f7xx_hal_tim.o
 *fill*         0x0000000008007d3e        0x2 
 .text.HAL_TIM_Base_Start_IT
                0x0000000008007d40       0x2c build/stm32f7xx_hal_tim.o
                0x0000000008007d40                HAL_TIM_Base_Start_IT
 .text.HAL_TIM_OC_DelayElapsedCallback
                0x0000000008007d6c        0x2 build/stm32f7xx_hal_tim.o
                0x0000000008007d6c                HAL_TIM_OC_DelayElapsedCallback
 .text.HAL_TIM_IC_CaptureCallback
                0x0000000008007d6e        0x2 build/stm32f7xx_hal_tim.o
                0x0000000008007d6e                HAL_TIM_IC_CaptureCallback
 .text.HAL_TIM_PWM_PulseFinishedCallback
                0x0000000008007d70        0x2 build/stm32f7xx_hal_tim.o
                0x0000000008007d70                HAL_TIM_PWM_PulseFinishedCallback
 .text.HAL_TIM_TriggerCallback
                0x0000000008007d72        0x2 build/stm32f7xx_hal_tim.o
                0x0000000008007d72                HAL_TIM_TriggerCallback
 .text.HAL_TIM_IRQHandler
                0x0000000008007d74      0x19a build/stm32f7xx_hal_tim.o
                0x0000000008007d74                HAL_TIM_IRQHandler
 *fill*         0x0000000008007f0e        0x2 
 .text.TIM_Base_SetConfig
                0x0000000008007f10      0x10c build/stm32f7xx_hal_tim.o
                0x0000000008007f10                TIM_Base_SetConfig
 .text.HAL_TIM_Base_Init
                0x000000000800801c       0x32 build/stm32f7xx_hal_tim.o
                0x000000000800801c                HAL_TIM_Base_Init
 .text.HAL_TIM_PWM_Init
                0x000000000800804e       0x32 build/stm32f7xx_hal_tim.o
                0x000000000800804e                HAL_TIM_PWM_Init
 .text.TIM_OC2_SetConfig
                0x0000000008008080       0x70 build/stm32f7xx_hal_tim.o
                0x0000000008008080                TIM_OC2_SetConfig
 .text.HAL_TIM_PWM_ConfigChannel
                0x00000000080080f0      0x134 build/stm32f7xx_hal_tim.o
                0x00000000080080f0                HAL_TIM_PWM_ConfigChannel
 .text.TIM_ETR_SetConfig
                0x0000000008008224       0x18 build/stm32f7xx_hal_tim.o
                0x0000000008008224                TIM_ETR_SetConfig
 .text.HAL_TIM_ConfigClockSource
                0x000000000800823c       0xdc build/stm32f7xx_hal_tim.o
                0x000000000800823c                HAL_TIM_ConfigClockSource
 .text.HAL_TIMEx_MasterConfigSynchronization
                0x0000000008008318       0xa0 build/stm32f7xx_hal_tim_ex.o
                0x0000000008008318                HAL_TIMEx_MasterConfigSynchronization
 .text.HAL_TIMEx_ConfigBreakDeadTime
                0x00000000080083b8       0x90 build/stm32f7xx_hal_tim_ex.o
                0x00000000080083b8                HAL_TIMEx_ConfigBreakDeadTime
 .text.HAL_TIMEx_CommutCallback
                0x0000000008008448        0x2 build/stm32f7xx_hal_tim_ex.o
                0x0000000008008448                HAL_TIMEx_CommutCallback
 .text.HAL_TIMEx_BreakCallback
                0x000000000800844a        0x2 build/stm32f7xx_hal_tim_ex.o
                0x000000000800844a                HAL_TIMEx_BreakCallback
 .text.HAL_TIMEx_Break2Callback
                0x000000000800844c        0x2 build/stm32f7xx_hal_tim_ex.o
                0x000000000800844c                HAL_TIMEx_Break2Callback
 *fill*         0x000000000800844e        0x2 
 .text.UART_SetConfig
                0x0000000008008450      0x370 build/stm32f7xx_hal_uart.o
                0x0000000008008450                UART_SetConfig
 .text.UART_AdvFeatureConfig
                0x00000000080087c0       0xca build/stm32f7xx_hal_uart.o
                0x00000000080087c0                UART_AdvFeatureConfig
 .text.UART_WaitOnFlagUntilTimeout
                0x000000000800888a       0x9c build/stm32f7xx_hal_uart.o
                0x000000000800888a                UART_WaitOnFlagUntilTimeout
 .text.UART_CheckIdleState
                0x0000000008008926       0x44 build/stm32f7xx_hal_uart.o
                0x0000000008008926                UART_CheckIdleState
 .text.HAL_UART_Init
                0x000000000800896a       0x62 build/stm32f7xx_hal_uart.o
                0x000000000800896a                HAL_UART_Init
 .text.SystemInit
                0x00000000080089cc       0x50 build/system_stm32f7xx.o
                0x00000000080089cc                SystemInit
 .text.FATFS_LinkDriverEx
                0x0000000008008a1c       0x48 build/ff_gen_drv.o
                0x0000000008008a1c                FATFS_LinkDriverEx
 .text.FATFS_LinkDriver
                0x0000000008008a64        0xa build/ff_gen_drv.o
                0x0000000008008a64                FATFS_LinkDriver
 .text.vListInitialise
                0x0000000008008a6e       0x16 build/list.o
                0x0000000008008a6e                vListInitialise
 .text.vListInitialiseItem
                0x0000000008008a84        0x6 build/list.o
                0x0000000008008a84                vListInitialiseItem
 .text.vListInsertEnd
                0x0000000008008a8a       0x18 build/list.o
                0x0000000008008a8a                vListInsertEnd
 .text.vListInsert
                0x0000000008008aa2       0x34 build/list.o
                0x0000000008008aa2                vListInsert
 .text.uxListRemove
                0x0000000008008ad6       0x28 build/list.o
                0x0000000008008ad6                uxListRemove
 .text.prvIsQueueFull
                0x0000000008008afe       0x1e build/queue.o
 .text.prvIsQueueEmpty
                0x0000000008008b1c       0x1a build/queue.o
 .text.prvCopyDataToQueue
                0x0000000008008b36       0x76 build/queue.o
 .text.prvCopyDataFromQueue
                0x0000000008008bac       0x24 build/queue.o
 .text.prvUnlockQueue
                0x0000000008008bd0       0x6e build/queue.o
 *fill*         0x0000000008008c3e        0x2 
 .text.xQueueGenericReset
                0x0000000008008c40       0x88 build/queue.o
                0x0000000008008c40                xQueueGenericReset
 .text.prvInitialiseNewQueue
                0x0000000008008cc8       0x1c build/queue.o
 .text.xQueueGenericCreateStatic
                0x0000000008008ce4       0xba build/queue.o
                0x0000000008008ce4                xQueueGenericCreateStatic
 .text.xQueueGenericCreate
                0x0000000008008d9e       0x52 build/queue.o
                0x0000000008008d9e                xQueueGenericCreate
 .text.xQueueGenericSend
                0x0000000008008df0      0x18c build/queue.o
                0x0000000008008df0                xQueueGenericSend
 .text.xQueueGenericSendFromISR
                0x0000000008008f7c       0xdc build/queue.o
                0x0000000008008f7c                xQueueGenericSendFromISR
 .text.xQueueReceive
                0x0000000008009058      0x164 build/queue.o
                0x0000000008009058                xQueueReceive
 .text.xQueueReceiveFromISR
                0x00000000080091bc       0xb6 build/queue.o
                0x00000000080091bc                xQueueReceiveFromISR
 *fill*         0x0000000008009272        0x2 
 .text.prvResetNextTaskUnblockTime
                0x0000000008009274       0x2c build/tasks.o
 .text.prvInitialiseNewTask
                0x00000000080092a0       0x9c build/tasks.o
 .text.prvInitialiseTaskLists
                0x000000000800933c       0x68 build/tasks.o
 .text.prvAddNewTaskToReadyList
                0x00000000080093a4       0xa8 build/tasks.o
 .text.prvDeleteTCB
                0x000000000800944c       0x3c build/tasks.o
 .text.prvCheckTasksWaitingTermination
                0x0000000008009488       0x4c build/tasks.o
 .text.prvAddCurrentTaskToDelayedList
                0x00000000080094d4       0xa0 build/tasks.o
 .text.prvIdleTask
                0x0000000008009574       0x30 build/tasks.o
 .text.xTaskCreateStatic
                0x00000000080095a4       0x80 build/tasks.o
                0x00000000080095a4                xTaskCreateStatic
 .text.xTaskCreate
                0x0000000008009624       0x66 build/tasks.o
                0x0000000008009624                xTaskCreate
 *fill*         0x000000000800968a        0x2 
 .text.vTaskStartScheduler
                0x000000000800968c       0x70 build/tasks.o
                0x000000000800968c                vTaskStartScheduler
 .text.vTaskSuspendAll
                0x00000000080096fc       0x10 build/tasks.o
                0x00000000080096fc                vTaskSuspendAll
 .text.xTaskGetTickCount
                0x000000000800970c        0xc build/tasks.o
                0x000000000800970c                xTaskGetTickCount
 .text.xTaskGetTickCountFromISR
                0x0000000008009718       0x10 build/tasks.o
                0x0000000008009718                xTaskGetTickCountFromISR
 .text.xTaskIncrementTick
                0x0000000008009728      0x11c build/tasks.o
                0x0000000008009728                xTaskIncrementTick
 .text.xTaskResumeAll
                0x0000000008009844       0xf8 build/tasks.o
                0x0000000008009844                xTaskResumeAll
 .text.vTaskDelay
                0x000000000800993c       0x50 build/tasks.o
                0x000000000800993c                vTaskDelay
 .text.vTaskSwitchContext
                0x000000000800998c       0xcc build/tasks.o
                0x000000000800998c                vTaskSwitchContext
 .text.vTaskPlaceOnEventList
                0x0000000008009a58       0x34 build/tasks.o
                0x0000000008009a58                vTaskPlaceOnEventList
 .text.xTaskRemoveFromEventList
                0x0000000008009a8c       0x90 build/tasks.o
                0x0000000008009a8c                xTaskRemoveFromEventList
 .text.vTaskInternalSetTimeOutState
                0x0000000008009b1c       0x18 build/tasks.o
                0x0000000008009b1c                vTaskInternalSetTimeOutState
 .text.xTaskCheckForTimeOut
                0x0000000008009b34       0x88 build/tasks.o
                0x0000000008009b34                xTaskCheckForTimeOut
 .text.vTaskMissedYield
                0x0000000008009bbc        0xc build/tasks.o
                0x0000000008009bbc                vTaskMissedYield
 .text.xTaskGetSchedulerState
                0x0000000008009bc8       0x20 build/tasks.o
                0x0000000008009bc8                xTaskGetSchedulerState
 .text.xTaskPriorityDisinherit
                0x0000000008009be8       0xb8 build/tasks.o
                0x0000000008009be8                xTaskPriorityDisinherit
 .text.makeFreeRtosPriority
                0x0000000008009ca0        0xc build/cmsis_os.o
 .text.inHandlerMode
                0x0000000008009cac        0xc build/cmsis_os.o
 .text.osKernelStart
                0x0000000008009cb8        0xa build/cmsis_os.o
                0x0000000008009cb8                osKernelStart
 .text.osKernelRunning
                0x0000000008009cc2       0x12 build/cmsis_os.o
                0x0000000008009cc2                osKernelRunning
 .text.osKernelSysTick
                0x0000000008009cd4       0x14 build/cmsis_os.o
                0x0000000008009cd4                osKernelSysTick
 .text.osThreadCreate
                0x0000000008009ce8       0x6c build/cmsis_os.o
                0x0000000008009ce8                osThreadCreate
 .text.osDelay  0x0000000008009d54       0x12 build/cmsis_os.o
                0x0000000008009d54                osDelay
 .text.osMessageCreate
                0x0000000008009d66       0x28 build/cmsis_os.o
                0x0000000008009d66                osMessageCreate
 *fill*         0x0000000008009d8e        0x2 
 .text.osMessagePut
                0x0000000008009d90       0x68 build/cmsis_os.o
                0x0000000008009d90                osMessagePut
 .text.osMessageGet
                0x0000000008009df8       0xa0 build/cmsis_os.o
                0x0000000008009df8                osMessageGet
 .text.prvHeapInit
                0x0000000008009e98       0x64 build/heap_4.o
 .text.prvInsertBlockIntoFreeList
                0x0000000008009efc       0x58 build/heap_4.o
 .text.pvPortMalloc
                0x0000000008009f54      0x128 build/heap_4.o
                0x0000000008009f54                pvPortMalloc
 .text.vPortFree
                0x000000000800a07c       0x78 build/heap_4.o
                0x000000000800a07c                vPortFree
 .text.prvTaskExitError
                0x000000000800a0f4       0x48 build/port.o
 .text.prvPortStartFirstTask
                0x000000000800a13c       0x28 build/port.o
 .text.vPortEnableVFP
                0x000000000800a164       0x14 build/port.o
 .text.pxPortInitialiseStack
                0x000000000800a178       0x2c build/port.o
                0x000000000800a178                pxPortInitialiseStack
 *fill*         0x000000000800a1a4        0xc 
 .text.SVC_Handler
                0x000000000800a1b0       0x24 build/port.o
                0x000000000800a1b0                SVC_Handler
 .text.vPortEnterCritical
                0x000000000800a1d4       0x4c build/port.o
                0x000000000800a1d4                vPortEnterCritical
 .text.vPortExitCritical
                0x000000000800a220       0x30 build/port.o
                0x000000000800a220                vPortExitCritical
 .text.PendSV_Handler
                0x000000000800a250       0x64 build/port.o
                0x000000000800a250                PendSV_Handler
 .text.SysTick_Handler
                0x000000000800a2b4       0x30 build/port.o
                0x000000000800a2b4                SysTick_Handler
 .text.vPortSetupTimerInterrupt
                0x000000000800a2e4       0x38 build/port.o
                0x000000000800a2e4                vPortSetupTimerInterrupt
 .text.xPortStartScheduler
                0x000000000800a31c       0xd0 build/port.o
                0x000000000800a31c                xPortStartScheduler
 .text.vPortValidateInterruptPriority
                0x000000000800a3ec       0x64 build/port.o
                0x000000000800a3ec                vPortValidateInterruptPriority
 .text.DeInitStateMachine
                0x000000000800a450       0x54 build/usbh_core.o
 .text.USBH_HandleSof
                0x000000000800a4a4       0x1a build/usbh_core.o
 .text.USBH_HandleEnum
                0x000000000800a4be      0x2c6 build/usbh_core.o
 .text.USBH_Init
                0x000000000800a784       0x7c build/usbh_core.o
                0x000000000800a784                USBH_Init
 .text.USBH_RegisterClass
                0x000000000800a800       0x22 build/usbh_core.o
                0x000000000800a800                USBH_RegisterClass
 .text.USBH_SelectInterface
                0x000000000800a822       0x14 build/usbh_core.o
                0x000000000800a822                USBH_SelectInterface
 .text.USBH_FindInterface
                0x000000000800a836       0x50 build/usbh_core.o
                0x000000000800a836                USBH_FindInterface
 .text.USBH_Start
                0x000000000800a886       0x14 build/usbh_core.o
                0x000000000800a886                USBH_Start
 .text.USBH_Process
                0x000000000800a89a      0x316 build/usbh_core.o
                0x000000000800a89a                USBH_Process
 .text.USBH_Process_OS
                0x000000000800abb0       0x22 build/usbh_core.o
 .text.USBH_LL_SetTimer
                0x000000000800abd2        0x6 build/usbh_core.o
                0x000000000800abd2                USBH_LL_SetTimer
 .text.USBH_LL_IncTimer
                0x000000000800abd8       0x12 build/usbh_core.o
                0x000000000800abd8                USBH_LL_IncTimer
 .text.USBH_LL_PortEnabled
                0x000000000800abea       0x18 build/usbh_core.o
                0x000000000800abea                USBH_LL_PortEnabled
 .text.USBH_LL_PortDisabled
                0x000000000800ac02        0x8 build/usbh_core.o
                0x000000000800ac02                USBH_LL_PortDisabled
 .text.USBH_LL_Connect
                0x000000000800ac0a       0x24 build/usbh_core.o
                0x000000000800ac0a                USBH_LL_Connect
 .text.USBH_LL_Disconnect
                0x000000000800ac2e       0x3c build/usbh_core.o
                0x000000000800ac2e                USBH_LL_Disconnect
 .text.USBH_LL_NotifyURBChange
                0x000000000800ac6a       0x16 build/usbh_core.o
                0x000000000800ac6a                USBH_LL_NotifyURBChange
 .text.USBH_ParseDevDesc
                0x000000000800ac80       0x5c build/usbh_ctlreq.o
 .text.USBH_ParseInterfaceDesc
                0x000000000800acdc       0x26 build/usbh_ctlreq.o
 .text.USBH_ParseEPDesc
                0x000000000800ad02       0x20 build/usbh_ctlreq.o
 .text.USBH_ParseStringDesc
                0x000000000800ad22       0x3c build/usbh_ctlreq.o
 .text.USBH_HandleControl
                0x000000000800ad5e      0x2dc build/usbh_ctlreq.o
 .text.USBH_GetNextDesc
                0x000000000800b03a        0xe build/usbh_ctlreq.o
                0x000000000800b03a                USBH_GetNextDesc
 .text.USBH_ParseCfgDesc
                0x000000000800b048       0xc2 build/usbh_ctlreq.o
 .text.USBH_CtlReq
                0x000000000800b10a       0x6e build/usbh_ctlreq.o
                0x000000000800b10a                USBH_CtlReq
 .text.USBH_GetDescriptor
                0x000000000800b178       0x3c build/usbh_ctlreq.o
                0x000000000800b178                USBH_GetDescriptor
 .text.USBH_Get_DevDesc
                0x000000000800b1b4       0x32 build/usbh_ctlreq.o
                0x000000000800b1b4                USBH_Get_DevDesc
 .text.USBH_Get_CfgDesc
                0x000000000800b1e6       0x32 build/usbh_ctlreq.o
                0x000000000800b1e6                USBH_Get_CfgDesc
 .text.USBH_Get_StringDesc
                0x000000000800b218       0x30 build/usbh_ctlreq.o
                0x000000000800b218                USBH_Get_StringDesc
 .text.USBH_SetAddress
                0x000000000800b248       0x22 build/usbh_ctlreq.o
                0x000000000800b248                USBH_SetAddress
 .text.USBH_SetCfg
                0x000000000800b26a       0x22 build/usbh_ctlreq.o
                0x000000000800b26a                USBH_SetCfg
 .text.USBH_SetFeature
                0x000000000800b28c       0x22 build/usbh_ctlreq.o
                0x000000000800b28c                USBH_SetFeature
 .text.USBH_ClrFeature
                0x000000000800b2ae       0x24 build/usbh_ctlreq.o
                0x000000000800b2ae                USBH_ClrFeature
 .text.USBH_CtlSendSetup
                0x000000000800b2d2       0x22 build/usbh_ioreq.o
                0x000000000800b2d2                USBH_CtlSendSetup
 .text.USBH_CtlSendData
                0x000000000800b2f4       0x2c build/usbh_ioreq.o
                0x000000000800b2f4                USBH_CtlSendData
 .text.USBH_CtlReceiveData
                0x000000000800b320       0x20 build/usbh_ioreq.o
                0x000000000800b320                USBH_CtlReceiveData
 .text.USBH_BulkSendData
                0x000000000800b340       0x2c build/usbh_ioreq.o
                0x000000000800b340                USBH_BulkSendData
 .text.USBH_BulkReceiveData
                0x000000000800b36c       0x20 build/usbh_ioreq.o
                0x000000000800b36c                USBH_BulkReceiveData
 .text.USBH_GetFreePipe
                0x000000000800b38c       0x26 build/usbh_pipes.o
 .text.USBH_OpenPipe
                0x000000000800b3b2       0x20 build/usbh_pipes.o
                0x000000000800b3b2                USBH_OpenPipe
 .text.USBH_ClosePipe
                0x000000000800b3d2        0xa build/usbh_pipes.o
                0x000000000800b3d2                USBH_ClosePipe
 .text.USBH_AllocPipe
                0x000000000800b3dc       0x26 build/usbh_pipes.o
                0x000000000800b3dc                USBH_AllocPipe
 .text.USBH_FreePipe
                0x000000000800b402       0x16 build/usbh_pipes.o
                0x000000000800b402                USBH_FreePipe
 .text.USBH_CDC_SOFProcess
                0x000000000800b418        0x4 build/usbh_cdc.o
 .text.SetLineCoding
                0x000000000800b41c       0x1a build/usbh_cdc.o
 .text.GetLineCoding
                0x000000000800b436       0x1a build/usbh_cdc.o
 .text.USBH_CDC_ClassRequest
                0x000000000800b450       0x22 build/usbh_cdc.o
 .text.USBH_CDC_InterfaceDeInit
                0x000000000800b472       0x68 build/usbh_cdc.o
 .text.USBH_CDC_InterfaceInit
                0x000000000800b4da      0x17e build/usbh_cdc.o
 .text.USBH_CDC_TransmitCallback
                0x000000000800b658        0x2 build/usbh_cdc.o
                0x000000000800b658                USBH_CDC_TransmitCallback
 .text.CDC_ProcessTransmission
                0x000000000800b65a       0xb4 build/usbh_cdc.o
 .text.USBH_CDC_ReceiveCallback
                0x000000000800b70e        0x2 build/usbh_cdc.o
                0x000000000800b70e                USBH_CDC_ReceiveCallback
 .text.CDC_ProcessReception
                0x000000000800b710       0x78 build/usbh_cdc.o
 .text.USBH_CDC_LineCodingChanged
                0x000000000800b788        0x2 build/usbh_cdc.o
                0x000000000800b788                USBH_CDC_LineCodingChanged
 .text.USBH_CDC_Process
                0x000000000800b78a       0xb8 build/usbh_cdc.o
 *fill*         0x000000000800b842        0x2 
 .text.Reset_Handler
                0x000000000800b844       0x50 build/startup_stm32f746xx.o
                0x000000000800b844                Reset_Handler
 .text.Default_Handler
                0x000000000800b894        0x2 build/startup_stm32f746xx.o
                0x000000000800b894                RTC_Alarm_IRQHandler
                0x000000000800b894                EXTI2_IRQHandler
                0x000000000800b894                TIM8_CC_IRQHandler
                0x000000000800b894                UART8_IRQHandler
                0x000000000800b894                SPI4_IRQHandler
                0x000000000800b894                TIM1_CC_IRQHandler
                0x000000000800b894                DMA2_Stream5_IRQHandler
                0x000000000800b894                DMA1_Stream5_IRQHandler
                0x000000000800b894                PVD_IRQHandler
                0x000000000800b894                TAMP_STAMP_IRQHandler
                0x000000000800b894                CAN2_RX1_IRQHandler
                0x000000000800b894                EXTI3_IRQHandler
                0x000000000800b894                TIM8_TRG_COM_TIM14_IRQHandler
                0x000000000800b894                TIM1_UP_TIM10_IRQHandler
                0x000000000800b894                TIM8_UP_TIM13_IRQHandler
                0x000000000800b894                I2C3_ER_IRQHandler
                0x000000000800b894                EXTI0_IRQHandler
                0x000000000800b894                I2C2_EV_IRQHandler
                0x000000000800b894                DMA1_Stream2_IRQHandler
                0x000000000800b894                CAN1_RX0_IRQHandler
                0x000000000800b894                FPU_IRQHandler
                0x000000000800b894                OTG_HS_WKUP_IRQHandler
                0x000000000800b894                LTDC_ER_IRQHandler
                0x000000000800b894                CAN2_SCE_IRQHandler
                0x000000000800b894                DMA2_Stream2_IRQHandler
                0x000000000800b894                SPI1_IRQHandler
                0x000000000800b894                TIM1_BRK_TIM9_IRQHandler
                0x000000000800b894                DCMI_IRQHandler
                0x000000000800b894                CAN2_RX0_IRQHandler
                0x000000000800b894                DMA2_Stream3_IRQHandler
                0x000000000800b894                SAI2_IRQHandler
                0x000000000800b894                USART6_IRQHandler
                0x000000000800b894                USART3_IRQHandler
                0x000000000800b894                CAN1_RX1_IRQHandler
                0x000000000800b894                UART5_IRQHandler
                0x000000000800b894                DMA2_Stream0_IRQHandler
                0x000000000800b894                TIM4_IRQHandler
                0x000000000800b894                QUADSPI_IRQHandler
                0x000000000800b894                I2C1_EV_IRQHandler
                0x000000000800b894                DMA1_Stream6_IRQHandler
                0x000000000800b894                DMA1_Stream1_IRQHandler
                0x000000000800b894                UART4_IRQHandler
                0x000000000800b894                TIM3_IRQHandler
                0x000000000800b894                RCC_IRQHandler
                0x000000000800b894                TIM8_BRK_TIM12_IRQHandler
                0x000000000800b894                Default_Handler
                0x000000000800b894                CEC_IRQHandler
                0x000000000800b894                EXTI15_10_IRQHandler
                0x000000000800b894                ADC_IRQHandler
                0x000000000800b894                DMA1_Stream7_IRQHandler
                0x000000000800b894                SPI5_IRQHandler
                0x000000000800b894                TIM7_IRQHandler
                0x000000000800b894                SDMMC1_IRQHandler
                0x000000000800b894                CAN2_TX_IRQHandler
                0x000000000800b894                TIM5_IRQHandler
                0x000000000800b894                DMA2_Stream7_IRQHandler
                0x000000000800b894                I2C3_EV_IRQHandler
                0x000000000800b894                EXTI9_5_IRQHandler
                0x000000000800b894                RTC_WKUP_IRQHandler
                0x000000000800b894                ETH_WKUP_IRQHandler
                0x000000000800b894                SPDIF_RX_IRQHandler
                0x000000000800b894                SPI2_IRQHandler
                0x000000000800b894                OTG_HS_EP1_IN_IRQHandler
                0x000000000800b894                DMA1_Stream0_IRQHandler
                0x000000000800b894                CAN1_TX_IRQHandler
                0x000000000800b894                EXTI4_IRQHandler
                0x000000000800b894                RNG_IRQHandler
                0x000000000800b894                ETH_IRQHandler
                0x000000000800b894                OTG_HS_EP1_OUT_IRQHandler
                0x000000000800b894                WWDG_IRQHandler
                0x000000000800b894                SPI6_IRQHandler
                0x000000000800b894                I2C4_EV_IRQHandler
                0x000000000800b894                TIM2_IRQHandler
                0x000000000800b894                OTG_FS_WKUP_IRQHandler
                0x000000000800b894                TIM1_TRG_COM_TIM11_IRQHandler
                0x000000000800b894                OTG_HS_IRQHandler
                0x000000000800b894                EXTI1_IRQHandler
                0x000000000800b894                UART7_IRQHandler
                0x000000000800b894                USART2_IRQHandler
                0x000000000800b894                I2C2_ER_IRQHandler
                0x000000000800b894                DMA2_Stream1_IRQHandler
                0x000000000800b894                CAN1_SCE_IRQHandler
                0x000000000800b894                FLASH_IRQHandler
                0x000000000800b894                DMA2_Stream4_IRQHandler
                0x000000000800b894                USART1_IRQHandler
                0x000000000800b894                SPI3_IRQHandler
                0x000000000800b894                DMA1_Stream4_IRQHandler
                0x000000000800b894                I2C1_ER_IRQHandler
                0x000000000800b894                FMC_IRQHandler
                0x000000000800b894                LPTIM1_IRQHandler
                0x000000000800b894                I2C4_ER_IRQHandler
                0x000000000800b894                DMA2_Stream6_IRQHandler
                0x000000000800b894                SAI1_IRQHandler
                0x000000000800b894                DMA1_Stream3_IRQHandler
 *(.glue_7)
 .glue_7        0x000000000800b896        0x0 linker stubs
 *(.glue_7t)
 .glue_7t       0x000000000800b896        0x0 linker stubs
 *(.eh_frame)
 *fill*         0x000000000800b896        0x2 
 .eh_frame      0x000000000800b898        0x0 /usr/lib/gcc/arm-none-eabi/7.3.1/thumb/v7e-m/fpv4-sp/hard/crtbegin.o
 *(.init)
 .init          0x000000000800b898        0x4 /usr/lib/gcc/arm-none-eabi/7.3.1/thumb/v7e-m/fpv4-sp/hard/crti.o
                0x000000000800b898                _init
 .init          0x000000000800b89c        0x8 /usr/lib/gcc/arm-none-eabi/7.3.1/thumb/v7e-m/fpv4-sp/hard/crtn.o
 *(.fini)
 .fini          0x000000000800b8a4        0x4 /usr/lib/gcc/arm-none-eabi/7.3.1/thumb/v7e-m/fpv4-sp/hard/crti.o
                0x000000000800b8a4                _fini
 .fini          0x000000000800b8a8        0x8 /usr/lib/gcc/arm-none-eabi/7.3.1/thumb/v7e-m/fpv4-sp/hard/crtn.o
                0x000000000800b8b0                . = ALIGN (0x4)
                0x000000000800b8b0                _etext = .

.vfp11_veneer   0x000000000800b8b0        0x0
 .vfp11_veneer  0x000000000800b8b0        0x0 linker stubs

.v4_bx          0x000000000800b8b0        0x0
 .v4_bx         0x000000000800b8b0        0x0 linker stubs

.iplt           0x000000000800b8b0        0x0
 .iplt          0x000000000800b8b0        0x0 /usr/lib/gcc/arm-none-eabi/7.3.1/thumb/v7e-m/fpv4-sp/hard/crtbegin.o

.rodata         0x000000000800b8b0       0xa8
                0x000000000800b8b0                . = ALIGN (0x4)
 *(.rodata)
 .rodata        0x000000000800b8b0       0x1c build/main.o
 .rodata        0x000000000800b8cc       0x10 build/sd_diskio.o
 .rodata        0x000000000800b8dc       0x2c build/usbh_core.o
 *(.rodata*)
 .rodata.str1.4
                0x000000000800b908        0xc build/main.o
 .rodata.SD_Driver
                0x000000000800b914       0x14 build/sd_diskio.o
                0x000000000800b914                SD_Driver
 .rodata.AHBPrescTable
                0x000000000800b928       0x10 build/system_stm32f7xx.o
                0x000000000800b928                AHBPrescTable
 .rodata.APBPrescTable
                0x000000000800b938        0x8 build/system_stm32f7xx.o
                0x000000000800b938                APBPrescTable
 .rodata.vTaskStartScheduler.str1.4
                0x000000000800b940        0x5 build/tasks.o
 *fill*         0x000000000800b945        0x3 
 .rodata.str1.4
                0x000000000800b948        0xc build/usbh_core.o
 .rodata.str1.4
                0x000000000800b954        0x4 build/usbh_cdc.o
                0x000000000800b958                . = ALIGN (0x4)

.ARM.extab
 *(.ARM.extab* .gnu.linkonce.armextab.*)

.ARM            0x000000000800b958        0x8
                0x000000000800b958                __exidx_start = .
 *(.ARM.exidx*)
 .ARM.exidx     0x000000000800b958        0x8 /usr/lib/gcc/arm-none-eabi/7.3.1/thumb/v7e-m/fpv4-sp/hard/libgcc.a(_udivmoddi4.o)
                0x000000000800b960                __exidx_end = .

.rel.dyn        0x000000000800b960        0x0
 .rel.iplt      0x000000000800b960        0x0 /usr/lib/gcc/arm-none-eabi/7.3.1/thumb/v7e-m/fpv4-sp/hard/crtbegin.o

.preinit_array  0x000000000800b960        0x0
                0x000000000800b960                PROVIDE (__preinit_array_start = .)
 *(.preinit_array*)
                0x000000000800b960                PROVIDE (__preinit_array_end = .)

.init_array     0x000000000800b960        0x4
                0x000000000800b960                PROVIDE (__init_array_start = .)
 *(SORT_BY_NAME(.init_array.*))
 *(.init_array*)
 .init_array    0x000000000800b960        0x4 /usr/lib/gcc/arm-none-eabi/7.3.1/thumb/v7e-m/fpv4-sp/hard/crtbegin.o
                0x000000000800b964                PROVIDE (__init_array_end = .)

.fini_array     0x000000000800b964        0x4
                0x000000000800b964                PROVIDE (__fini_array_start = .)
 *(SORT_BY_NAME(.fini_array.*))
 *(.fini_array*)
 .fini_array    0x000000000800b964        0x4 /usr/lib/gcc/arm-none-eabi/7.3.1/thumb/v7e-m/fpv4-sp/hard/crtbegin.o
                0x000000000800b968                PROVIDE (__fini_array_end = .)
                0x000000000800b968                _sidata = LOADADDR (.data)

.data           0x0000000020000000       0x94 load address 0x000000000800b968
                0x0000000020000000                . = ALIGN (0x4)
                0x0000000020000000                _sdata = .
 *(.data)
 .data          0x0000000020000000       0x64 /usr/lib/gcc/arm-none-eabi/7.3.1/../../../arm-none-eabi/lib/thumb/v7e-m/fpv4-sp/hard/libc_nano.a(lib_a-impure.o)
                0x0000000020000000                _impure_ptr
 *(.data*)
 .data.Stat     0x0000000020000064        0x1 build/sd_diskio.o
 .data.uwTickFreq
                0x0000000020000065        0x1 build/stm32f7xx_hal.o
                0x0000000020000065                uwTickFreq
 *fill*         0x0000000020000066        0x2 
 .data.uwTickPrio
                0x0000000020000068        0x4 build/stm32f7xx_hal.o
                0x0000000020000068                uwTickPrio
 .data.SystemCoreClock
                0x000000002000006c        0x4 build/system_stm32f7xx.o
                0x000000002000006c                SystemCoreClock
 .data.uxCriticalNesting
                0x0000000020000070        0x4 build/port.o
 .data.CDC_Class
                0x0000000020000074       0x20 build/usbh_cdc.o
                0x0000000020000074                CDC_Class
                0x0000000020000094                . = ALIGN (0x4)
                0x0000000020000094                _edata = .

.tm_clone_table
                0x0000000020000094        0x0 load address 0x000000000800b9fc
 .tm_clone_table
                0x0000000020000094        0x0 /usr/lib/gcc/arm-none-eabi/7.3.1/thumb/v7e-m/fpv4-sp/hard/crtbegin.o
 .tm_clone_table
                0x0000000020000094        0x0 /usr/lib/gcc/arm-none-eabi/7.3.1/thumb/v7e-m/fpv4-sp/hard/crtend.o

.igot.plt       0x0000000020000094        0x0 load address 0x000000000800b9fc
 .igot.plt      0x0000000020000094        0x0 /usr/lib/gcc/arm-none-eabi/7.3.1/thumb/v7e-m/fpv4-sp/hard/crtbegin.o
                0x0000000020000094                . = ALIGN (0x4)

.bss            0x0000000020000094     0x9728 load address 0x000000000800b9fc
                0x0000000020000094                _sbss = .
                0x0000000020000094                __bss_start__ = _sbss
 *(.bss)
 .bss           0x0000000020000094       0x1c /usr/lib/gcc/arm-none-eabi/7.3.1/thumb/v7e-m/fpv4-sp/hard/crtbegin.o
 .bss           0x00000000200000b0        0x8 /usr/lib/gcc/arm-none-eabi/7.3.1/../../../arm-none-eabi/lib/thumb/v7e-m/fpv4-sp/hard/libc_nano.a(lib_a-nano-mallocr.o)
                0x00000000200000b0                __malloc_free_list
                0x00000000200000b4                __malloc_sbrk_start
 .bss           0x00000000200000b8        0x4 /usr/lib/gcc/arm-none-eabi/7.3.1/../../../arm-none-eabi/lib/thumb/v7e-m/fpv4-sp/hard/libnosys.a(sbrk.o)
 *(.bss*)
 .bss.xIdleStack
                0x00000000200000bc      0x200 build/freertos.o
 .bss.xIdleTaskTCBBuffer
                0x00000000200002bc       0x58 build/freertos.o
 .bss.FMC_Initialized
                0x0000000020000314        0x4 build/stm32f7xx_hal_msp.o
 .bss.SAI2_client
                0x0000000020000318        0x4 build/stm32f7xx_hal_msp.o
 .bss.SDQueueID
                0x000000002000031c        0x4 build/sd_diskio.o
 .bss.Appli_state
                0x0000000020000320        0x1 build/usb_host.o
                0x0000000020000320                Appli_state
 *fill*         0x0000000020000321        0x3 
 .bss.tmpreg.11214
                0x0000000020000324        0x4 build/stm32f7xx_ll_usb.o
 .bss.disk      0x0000000020000328        0xc build/ff_gen_drv.o
                0x0000000020000328                disk
 .bss.pxCurrentTCB
                0x0000000020000334        0x4 build/tasks.o
                0x0000000020000334                pxCurrentTCB
 .bss.pxDelayedTaskList
                0x0000000020000338        0x4 build/tasks.o
 .bss.pxOverflowDelayedTaskList
                0x000000002000033c        0x4 build/tasks.o
 .bss.pxReadyTasksLists
                0x0000000020000340       0x8c build/tasks.o
 .bss.uxCurrentNumberOfTasks
                0x00000000200003cc        0x4 build/tasks.o
 .bss.uxDeletedTasksWaitingCleanUp
                0x00000000200003d0        0x4 build/tasks.o
 .bss.uxPendedTicks
                0x00000000200003d4        0x4 build/tasks.o
 .bss.uxSchedulerSuspended
                0x00000000200003d8        0x4 build/tasks.o
 .bss.uxTaskNumber
                0x00000000200003dc        0x4 build/tasks.o
 .bss.uxTopReadyPriority
                0x00000000200003e0        0x4 build/tasks.o
 .bss.xDelayedTaskList1
                0x00000000200003e4       0x14 build/tasks.o
 .bss.xDelayedTaskList2
                0x00000000200003f8       0x14 build/tasks.o
 .bss.xNextTaskUnblockTime
                0x000000002000040c        0x4 build/tasks.o
 .bss.xNumOfOverflows
                0x0000000020000410        0x4 build/tasks.o
 .bss.xPendingReadyList
                0x0000000020000414       0x14 build/tasks.o
 .bss.xSchedulerRunning
                0x0000000020000428        0x4 build/tasks.o
 .bss.xSuspendedTaskList
                0x000000002000042c       0x14 build/tasks.o
 .bss.xTasksWaitingTermination
                0x0000000020000440       0x14 build/tasks.o
 .bss.xTickCount
                0x0000000020000454        0x4 build/tasks.o
 .bss.xYieldPending
                0x0000000020000458        0x4 build/tasks.o
 .bss.pxEnd     0x000000002000045c        0x4 build/heap_4.o
 .bss.ucHeap    0x0000000020000460     0x8000 build/heap_4.o
 .bss.xBlockAllocatedBit
                0x0000000020008460        0x4 build/heap_4.o
 .bss.xFreeBytesRemaining
                0x0000000020008464        0x4 build/heap_4.o
 .bss.xMinimumEverFreeBytesRemaining
                0x0000000020008468        0x4 build/heap_4.o
 .bss.xStart    0x000000002000846c        0x8 build/heap_4.o
 .bss.ucMaxSysCallPriority
                0x0000000020008474        0x1 build/port.o
 *fill*         0x0000000020008475        0x3 
 .bss.ulMaxPRIGROUPValue
                0x0000000020008478        0x4 build/port.o
 *(COMMON)
 COMMON         0x000000002000847c      0x7e4 build/main.o
                0x000000002000847c                hsai_BlockB2
                0x0000000020008500                defaultTaskHandle
                0x0000000020008504                hi2c3
                0x0000000020008550                hspi2
                0x00000000200085b4                htim8
                0x00000000200085f4                hspdif
                0x0000000020008640                hsai_BlockA2
                0x00000000200086c4                hi2c1
                0x0000000020008710                hcrc
                0x0000000020008734                hsd1
                0x00000000200087b8                htim5
                0x00000000200087f8                htim3
                0x0000000020008838                hltdc
                0x00000000200088e0                hadc3
                0x0000000020008928                hdcmi
                0x0000000020008978                huart1
                0x00000000200089f8                hrtc
                0x0000000020008a18                htim1
                0x0000000020008a58                huart6
                0x0000000020008ad8                hdma2d
                0x0000000020008b18                htim2
                0x0000000020008b58                htim12
                0x0000000020008b98                hsdram1
                0x0000000020008bcc                heth
                0x0000000020008c14                hqspi
 COMMON         0x0000000020008c60       0x40 build/stm32f7xx_hal_timebase_tim.o
                0x0000000020008c60                htim6
 COMMON         0x0000000020008ca0      0x46c build/fatfs.o
                0x0000000020008ca0                retSD
                0x0000000020008ca4                SDPath
                0x0000000020008ca8                SDFile
                0x0000000020008ed8                SDFatFS
 COMMON         0x000000002000910c      0x3e4 build/usb_host.o
                0x000000002000910c                hUsbHostFS
 COMMON         0x00000000200094f0      0x2c4 build/usbh_conf.o
                0x00000000200094f0                hhcd_USB_OTG_FS
 COMMON         0x00000000200097b4        0x4 build/stm32f7xx_hal.o
                0x00000000200097b4                uwTick
 COMMON         0x00000000200097b8        0x4 /usr/lib/gcc/arm-none-eabi/7.3.1/../../../arm-none-eabi/lib/thumb/v7e-m/fpv4-sp/hard/libc_nano.a(lib_a-reent.o)
                0x00000000200097b8                errno
                0x00000000200097bc                . = ALIGN (0x4)
                0x00000000200097bc                _ebss = .
                0x00000000200097bc                __bss_end__ = _ebss

._user_heap_stack
                0x00000000200097bc      0x604 load address 0x000000000800b9fc
                0x00000000200097c0                . = ALIGN (0x8)
 *fill*         0x00000000200097bc        0x4 
                0x00000000200097c0                PROVIDE (end = .)
                [!provide]                        PROVIDE (_end = .)
                0x00000000200099c0                . = (. + _Min_Heap_Size)
 *fill*         0x00000000200097c0      0x200 
                0x0000000020009dc0                . = (. + _Min_Stack_Size)
 *fill*         0x00000000200099c0      0x400 
                0x0000000020009dc0                . = ALIGN (0x8)

/DISCARD/
 libc.a(*)
 libm.a(*)
 libgcc.a(*)

.ARM.attributes
                0x0000000000000000       0x30
 *(.ARM.attributes)
 .ARM.attributes
                0x0000000000000000       0x22 /usr/lib/gcc/arm-none-eabi/7.3.1/thumb/v7e-m/fpv4-sp/hard/crti.o
 .ARM.attributes
                0x0000000000000022       0x34 /usr/lib/gcc/arm-none-eabi/7.3.1/thumb/v7e-m/fpv4-sp/hard/crtbegin.o
 .ARM.attributes
                0x0000000000000056       0x39 build/main.o
 .ARM.attributes
                0x000000000000008f       0x39 build/freertos.o
 .ARM.attributes
                0x00000000000000c8       0x39 build/stm32f7xx_it.o
 .ARM.attributes
                0x0000000000000101       0x39 build/stm32f7xx_hal_msp.o
 .ARM.attributes
                0x000000000000013a       0x39 build/stm32f7xx_hal_timebase_tim.o
 .ARM.attributes
                0x0000000000000173       0x39 build/bsp_driver_sd.o
 .ARM.attributes
                0x00000000000001ac       0x39 build/sd_diskio.o
 .ARM.attributes
                0x00000000000001e5       0x39 build/fatfs_platform.o
 .ARM.attributes
                0x000000000000021e       0x39 build/fatfs.o
 .ARM.attributes
                0x0000000000000257       0x39 build/usb_host.o
 .ARM.attributes
                0x0000000000000290       0x39 build/usbh_conf.o
 .ARM.attributes
                0x00000000000002c9       0x39 build/usbh_platform.o
 .ARM.attributes
                0x0000000000000302       0x39 build/stm32f7xx_hal_hcd.o
 .ARM.attributes
                0x000000000000033b       0x39 build/stm32f7xx_ll_usb.o
 .ARM.attributes
                0x0000000000000374       0x39 build/stm32f7xx_hal_rcc.o
 .ARM.attributes
                0x00000000000003ad       0x39 build/stm32f7xx_hal_rcc_ex.o
 .ARM.attributes
                0x00000000000003e6       0x39 build/stm32f7xx_hal_gpio.o
 .ARM.attributes
                0x000000000000041f       0x39 build/stm32f7xx_hal_dma.o
 .ARM.attributes
                0x0000000000000458       0x39 build/stm32f7xx_hal_pwr.o
 .ARM.attributes
                0x0000000000000491       0x39 build/stm32f7xx_hal_pwr_ex.o
 .ARM.attributes
                0x00000000000004ca       0x39 build/stm32f7xx_hal_cortex.o
 .ARM.attributes
                0x0000000000000503       0x39 build/stm32f7xx_hal.o
 .ARM.attributes
                0x000000000000053c       0x39 build/stm32f7xx_hal_i2c.o
 .ARM.attributes
                0x0000000000000575       0x39 build/stm32f7xx_hal_i2c_ex.o
 .ARM.attributes
                0x00000000000005ae       0x39 build/stm32f7xx_hal_adc.o
 .ARM.attributes
                0x00000000000005e7       0x39 build/stm32f7xx_hal_crc.o
 .ARM.attributes
                0x0000000000000620       0x39 build/stm32f7xx_hal_crc_ex.o
 .ARM.attributes
                0x0000000000000659       0x39 build/stm32f7xx_hal_dcmi.o
 .ARM.attributes
                0x0000000000000692       0x39 build/stm32f7xx_hal_dma2d.o
 .ARM.attributes
                0x00000000000006cb       0x39 build/stm32f7xx_hal_eth.o
 .ARM.attributes
                0x0000000000000704       0x39 build/stm32f7xx_ll_fmc.o
 .ARM.attributes
                0x000000000000073d       0x39 build/stm32f7xx_hal_sdram.o
 .ARM.attributes
                0x0000000000000776       0x39 build/stm32f7xx_hal_ltdc.o
 .ARM.attributes
                0x00000000000007af       0x39 build/stm32f7xx_hal_qspi.o
 .ARM.attributes
                0x00000000000007e8       0x39 build/stm32f7xx_hal_rtc.o
 .ARM.attributes
                0x0000000000000821       0x39 build/stm32f7xx_hal_rtc_ex.o
 .ARM.attributes
                0x000000000000085a       0x39 build/stm32f7xx_hal_sai.o
 .ARM.attributes
                0x0000000000000893       0x39 build/stm32f7xx_ll_sdmmc.o
 .ARM.attributes
                0x00000000000008cc       0x39 build/stm32f7xx_hal_sd.o
 .ARM.attributes
                0x0000000000000905       0x39 build/stm32f7xx_hal_spdifrx.o
 .ARM.attributes
                0x000000000000093e       0x39 build/stm32f7xx_hal_spi.o
 .ARM.attributes
                0x0000000000000977       0x39 build/stm32f7xx_hal_tim.o
 .ARM.attributes
                0x00000000000009b0       0x39 build/stm32f7xx_hal_tim_ex.o
 .ARM.attributes
                0x00000000000009e9       0x39 build/stm32f7xx_hal_uart.o
 .ARM.attributes
                0x0000000000000a22       0x39 build/system_stm32f7xx.o
 .ARM.attributes
                0x0000000000000a5b       0x39 build/ff_gen_drv.o
 .ARM.attributes
                0x0000000000000a94       0x39 build/list.o
 .ARM.attributes
                0x0000000000000acd       0x39 build/queue.o
 .ARM.attributes
                0x0000000000000b06       0x39 build/tasks.o
 .ARM.attributes
                0x0000000000000b3f       0x39 build/cmsis_os.o
 .ARM.attributes
                0x0000000000000b78       0x39 build/heap_4.o
 .ARM.attributes
                0x0000000000000bb1       0x39 build/port.o
 .ARM.attributes
                0x0000000000000bea       0x39 build/usbh_core.o
 .ARM.attributes
                0x0000000000000c23       0x39 build/usbh_ctlreq.o
 .ARM.attributes
                0x0000000000000c5c       0x39 build/usbh_ioreq.o
 .ARM.attributes
                0x0000000000000c95       0x39 build/usbh_pipes.o
 .ARM.attributes
                0x0000000000000cce       0x39 build/usbh_cdc.o
 .ARM.attributes
                0x0000000000000d07       0x21 build/startup_stm32f746xx.o
 .ARM.attributes
                0x0000000000000d28       0x34 /usr/lib/gcc/arm-none-eabi/7.3.1/../../../arm-none-eabi/lib/thumb/v7e-m/fpv4-sp/hard/libc_nano.a(lib_a-impure.o)
 .ARM.attributes
                0x0000000000000d5c       0x34 /usr/lib/gcc/arm-none-eabi/7.3.1/../../../arm-none-eabi/lib/thumb/v7e-m/fpv4-sp/hard/libc_nano.a(lib_a-init.o)